I (32096) drivers_display: touch health reads=384 ok=384 fail=0 I (223223) drivers_display: touch health reads=2944 ok=2944 fail=0 pressed=0 int=1
I (223800) app_main: [ok/0x0000] heartbeat | page=system ui_ready=1 voice=0 nav=0 obd=0 bat=100%/4213mV audio=none idle=221988ms backlight=1 rtc_valid=1
I (228806) app_main: [ok/0x0000] heartbeat | page=system ui_ready=1 voice=0 nav=0 obd=0 bat=100%/4210mV audio=none idle=226994ms backlight=1 rtc_valid=1
W (232586) obd_ble_elm327: [obd_init_failed/0x1408] open elm327 ble client failed: ESP_ERR_TIMEOUT
I (232747) drivers_display: touch health reads=3072 ok=3072 fail=0 pressed=0 int=1
I (232790) NimBLE: GAP procedure initiated: discovery; 
I (232791) NimBLE: own_addr_type=0 filter_policy=0 passive=0 limited=0 filter_duplicates=1 
I (232794) NimBLE: duration=forever
I (232797) NimBLE: 

I (232799) service_ble_cli: [ok/0x0000] ble client scanning name_filter=OBDII svc=0xFFF0 notify=0xFFF1 write=0xFFF2
I (233818) app_main: [ok/0x0000] heartbeat | page=system ui_ready=1 voice=0 nav=0 obd=0 bat=100%/4204mV audio=none idle=232003ms backlight=1 rtc_valid=1
I (238824) app_main: [ok/0x0000] heartbeat | page=system ui_ready=1 voice=0 nav=0 obd=0 bat=100%/4201mV audio=none idle=237012ms backlight=1 rtc_valid=1
I (242363) drivers_display: touch health reads=3200 ok=3200 fail=0 pressed=0 int=1
I (243827) app_main: [ok/0x0000] heartbeat | page=system ui_ready=1 voice=0 nav=0 obd=0 bat=100%/4201mV audio=none idle=242015ms backlight=1 rtc_valid=1
W (247812) obd_ble_elm327: [obd_init_failed/0x1408] open elm327 ble client failed: ESP_ERR_TIMEOUT
I (248015) NimBLE: GAP procedure initiated: discovery; 
I (248016) NimBLE: own_addr_type=0 filter_policy=0 passive=0 limited=0 filter_duplicates=1 
I (248019) NimBLE: duration=forever
I (248021) NimBLE: 

I (248024) service_ble_cli: [ok/0x0000] ble client scanning name_filter=OBDII svc=0xFFF0 notify=0xFFF1 write=0xFFF2
I (248830) app_main: [ok/0x0000] heartbeat | page=system ui_ready=1 voice=0 nav=0 obd=0 bat=100%/4201mV audio=none idle=247021ms backlight=1 rtc_valid=1
I (251925) drivers_display: touch health reads=3328 ok=3328 fail=0 pressed=0 int=1
I (253836) app_main: [ok/0x0000] heartbeat | page=system ui_ready=1 voice=0 nav=0 obd=0 bat=100%/4204mV audio=none idle=252023ms backlight=1 rtc_valid=1
I (258839) app_main: [ok/0x0000] heartbeat | page=system ui_ready=1 voice=0 nav=0 obd=0 bat=100%/4210mV audio=none idle=257026ms backlight=1 rtc_valid=1
I (261473) drivers_display: touch health reads=3456 ok=3456 fail=0 pressed=0 int=1
W (263035) obd_ble_elm327: [obd_init_failed/0x1408] open elm327 ble client failed: ESP_ERR_TIMEOUT
I (263236) NimBLE: GAP procedure initiated: discovery; 
I (263236) NimBLE: own_addr_type=0 filter_policy=0 passive=0 limited=0 filter_duplicates=1 
I (263239) NimBLE: duration=forever
I (263243) NimBLE: 

I (263244) service_ble_cli: [ok/0x0000] ble client scanning name_filter=OBDII svc=0xFFF0 notify=0xFFF1 write=0xFFF2
I (263845) app_main: [ok/0x0000] heartbeat | page=system ui_ready=1 voice=0 nav=0 obd=0 bat=100%/4204mV audio=none idle=262029ms backlight=1 rtc_valid=1
E (265592) i2c.master: i2c_master_bus_rm_device(1205): Wrong I2C status, cannot delete device
I (268849) app_main: [ok/0x0000] heartbeat | page=system ui_ready=1 voice=0 nav=0 obd=0 bat=100%/4204mV audio=none idle=267032ms backlight=1 rtc_valid=1
I (271019) drivers_display: touch health reads=3584 ok=3584 fail=0 pressed=0 int=1
I (273852) app_main: [ok/0x0000] heartbeat | page=system ui_ready=1 voice=0 nav=0 obd=0 bat=100%/4204mV audio=none idle=272036ms backlight=1 rtc_valid=1
W (278259) obd_ble_elm327: [obd_init_failed/0x1408] open elm327 ble client failed: ESP_ERR_TIMEOUT
I (278462) NimBLE: GAP procedure initiated: discovery; 
I (278462) NimBLE: own_addr_type=0 filter_policy=0 passive=0 limited=0 filter_duplicates=1 
I (278466) NimBLE: duration=forever
I (278467) NimBLE: 

I (278471) service_ble_cli: [ok/0x0000] ble client scanning name_filter=OBDII svc=0xFFF0 notify=0xFFF1 write=0xFFF2
I (278859) app_main: [ok/0x0000] heartbeat | page=system ui_ready=1 voice=0 nav=0 obd=0 bat=100%/4204mV audio=none idle=277536ms backlight=1 rtc_valid=1
I (280643) drivers_display: touch health reads=3712 ok=3712 fail=0 pressed=0 int=1
I (283864) app_main: [ok/0x0000] heartbeat | page=system ui_ready=1 voice=0 nav=0 obd=0 bat=100%/4204mV audio=none idle=282536ms backlight=1 rtc_valid=1
I (288869) app_main: [ok/0x0000] heartbeat | page=system ui_ready=1 voice=0 nav=0 obd=0 bat=100%/4204mV audio=none idle=287543ms backlight=1 rtc_valid=1
I (290160) drivers_display: touch health reads=3840 ok=3840 fail=0 pressed=0 int=1
W (293485) obd_ble_elm327: [obd_init_failed/0x1408] open elm327 ble client failed: ESP_ERR_TIMEOUT
I (293685) NimBLE: GAP procedure initiated: discovery; 
I (293685) NimBLE: own_addr_type=0 filter_policy=0 passive=0 limited=0 filter_duplicates=1 
I (293688) NimBLE: duration=forever
I (293691) NimBLE: 

I (293693) service_ble_cli: [ok/0x0000] ble client scanning name_filter=OBDII svc=0xFFF0 notify=0xFFF1 write=0xFFF2
I (293873) app_main: [ok/0x0000] heartbeat | page=system ui_ready=1 voice=0 nav=0 obd=0 bat=100%/4210mV audio=none idle=292062ms backlight=1 rtc_valid=1

