I (8646) app_main: [ok/0x0000] heartbeat | page=system ui_ready=W (765878) obd_ble_elm327: [obd_init_failed/0x1408] open elm327 ble client failed: ESP_ERR_TIMEOUT
I (766085) NimBLE: GAP procedure initiated: discovery; 
I (766086) NimBLE: own_addr_type=0 filter_policy=0 passive=0 limited=0 filter_duplicates=1 
I (766089) NimBLE: duration=forever
I (766093) NimBLE: 

I (766094) service_ble_cli: [ok/0x0000] ble client scanning name_filter=OBDII svc=0xFFF0 notify=0xFFF1 write=0xFFF2
I (769735) app_main: [ok/0x0000] heartbeat | page=navigation ui_ready=1 voice=0 nav=0 obd=0 bat=100%/4204mV audio=none idle=744415ms backlight=1 rtc_valid=1
I (769880) drivers_display: touch health reads=10112 ok=10112 fail=0 pressed=13 int=1
I (774747) app_main: [ok/0x0000] heartbeat | page=navigation ui_ready=1 voice=0 nav=0 obd=0 bat=100%/4210mV audio=none idle=749423ms backlight=1 rtc_valid=1
I (779592) drivers_display: touch health reads=10240 ok=10240 fail=0 pressed=13 int=1
I (779757) app_main: [ok/0x0000] heartbeat | page=navigation ui_ready=1 voice=0 nav=0 obd=0 bat=100%/4204mV audio=none idle=754426ms backlight=1 rtc_valid=1
W (781114) obd_ble_elm327: [obd_init_failed/0x1408] open elm327 ble client failed: ESP_ERR_TIMEOUT
I (781333) NimBLE: GAP procedure initiated: discovery; 
I (781334) NimBLE: own_addr_type=0 filter_policy=0 passive=0 limited=0 filter_duplicates=1 
I (781342) NimBLE: duration=forever
I (781342) NimBLE: 

I (781346) service_ble_cli: [ok/0x0000] ble client scanning name_filter=OBDII svc=0xFFF0 notify=0xFFF1 write=0xFFF2
I (784761) app_main: [ok/0x0000] heartbeat | page=navigation ui_ready=1 voice=0 nav=0 obd=0 bat=100%/4210mV audio=none idle=759431ms backlight=1 rtc_valid=1
I (789295) drivers_display: touch health reads=10368 ok=10368 fail=0 pressed=13 int=1
I (789773) app_main: [ok/0x0000] heartbeat | page=navigation ui_ready=1 voice=0 nav=0 obd=0 bat=100%/4204mV audio=none idle=764437ms backlight=1 rtc_valid=1
I (794778) app_main: [ok/0x0000] heartbeat | page=navigation ui_ready=1 voice=0 nav=0 obd=0 bat=100%/4204mV audio=none idle=769446ms backlight=1 rtc_valid=1
W (796363) obd_ble_elm327: [obd_init_failed/0x1408] open elm327 ble client failed: ESP_ERR_TIMEOUT
I (796568) NimBLE: GAP procedure initiated: discovery; 
I (796569) NimBLE: own_addr_type=0 filter_policy=0 passive=0 limited=0 filter_duplicates=1 
I (796572) NimBLE: duration=forever
I (796575) NimBLE: 

I (796577) service_ble_cli: [ok/0x0000] ble client scanning name_filter=OBDII svc=0xFFF0 notify=0xFFF1 write=0xFFF2
I (799068) drivers_display: touch health reads=10496 ok=10496 fail=0 pressed=13 int=1
I (799786) app_main: [ok/0x0000] heartbeat | page=navigation ui_ready=1 voice=0 nav=0 obd=0 bat=100%/4210mV audio=none idle=774454ms backlight=1 rtc_valid=1
I (804793) app_main: [ok/0x0000] heartbeat | page=navigation ui_ready=1 voice=0 nav=0 obd=0 bat=100%/4213mV audio=none idle=779474ms backlight=1 rtc_valid=1
I (808772) drivers_display: touch health reads=10624 ok=10624 fail=0 pressed=13 int=1
I (809802) app_main: [ok/0x0000] heartbeat | page=navigation ui_ready=1 voice=0 nav=0 obd=0 bat=100%/4210mV audio=none idle=784478ms backlight=1 rtc_valid=1
W (811595) obd_ble_elm327: [obd_init_failed/0x1408] open elm327 ble client failed: ESP_ERR_TIMEOUT
I (811806) NimBLE: GAP procedure initiated: discovery; 
I (811807) NimBLE: own_addr_type=0 filter_policy=0 passive=0 limited=0 filter_duplicates=1 
I (811811) NimBLE: duration=forever
I (811814) NimBLE: 

I (811815) service_ble_cli: [ok/0x0000] ble client scanning name_filter=OBDII svc=0xFFF0 notify=0xFFF1 write=0xFFF2
I (814814) app_main: [ok/0x0000] heartbeat | page=navigation ui_ready=1 voice=0 nav=0 obd=0 bat=100%/4210mV audio=none idle=789482ms backlight=1 rtc_valid=1
I (818463) drivers_display: touch health reads=10752 ok=10752 fail=0 pressed=13 int=1
I (819821) app_main: [ok/0x0000] heartbeat | page=navigation ui_ready=1 voice=0 nav=0 obd=0 bat=100%/4204mV audio=none idle=794513ms backlight=1 rtc_valid=1
I (824827) app_main: [ok/0x0000] heartbeat | page=navigation ui_ready=1 voice=0 nav=0 obd=0 bat=100%/4204mV audio=none idle=799520ms backlight=1 rtc_valid=1
W (826837) obd_ble_elm327: [obd_init_failed/0x1408] open elm327 ble client failed: ESP_ERR_TIMEOUT
I (827045) NimBLE: GAP procedure initiated: discovery; 
I (827048) NimBLE: own_addr_type=0 filter_policy=0 passive=0 limited=0 filter_duplicates=1 
I (827049) NimBLE: duration=forever
I (827053) NimBLE: 

I (827069) service_ble_cli: [ok/0x0000] ble client scanning name_filter=OBDII svc=0xFFF0 notify=0xFFF1 write=0xFFF2
I (828130) drivers_display: touch health reads=10880 ok=10880 fail=0 pressed=13 int=1
I (829830) app_main: [ok/0x0000] heartbeat | page=navigation ui_ready=1 voice=0 nav=0 obd=0 bat=100%/4210mV audio=none idle=804531ms backlight=1 rtc_valid=1
I (834833) app_main: [ok/0x0000] heartbeat | page=navigation ui_ready=1 voice=0 nav=0 obd=0 bat=100%/4216mV audio=none idle=809556ms backlight=1 rtc_valid=1
I (837871) drivers_display: touch health reads=11008 ok=11008 fail=0 pressed=13 int=1
I (839845) app_main: [ok/0x0000] heartbeat | page=navigation ui_ready=1 voice=0 nav=0 obd=0 bat=100%/4204mV audio=none idle=814557ms backlight=1 rtc_valid=1
W (842080) obd_ble_elm327: [obd_init_failed/0x1408] open elm327 ble client failed: ESP_ERR_TIMEOUT
I (842288) NimBLE: GAP procedure initiated: discovery; 
I (842288) NimBLE: own_addr_type=0 filter_policy=0 passive=0 limited=0 filter_duplicates=1 
I (842290) NimBLE: duration=forever
I (842294) NimBLE: 

I (842299) service_ble_cli: [ok/0x0000] ble client scanning name_filter=OBDII svc=0xFFF0 notify=0xFFF1 write=0xFFF2
I (844849) app_main: [ok/0x0000] heartbeat | page=navigation ui_ready=1 voice=0 nav=0 obd=0 bat=100%/4204mV audio=none idle=819577ms backlight=1 rtc_valid=1
I (847566) drivers_display: touch health reads=11136 ok=11136 fail=0 pressed=13 int=1
I (849857) app_main: [ok/0x0000] heartbeat | page=navigation ui_ready=1 voice=0 nav=0 obd=0 bat=100%/4204mV audio=none idle=824580ms backlight=1 rtc_valid=1
I (854862) app_main: [ok/0x0000] heartbeat | page=navigation ui_ready=1 voice=0 nav=0 obd=0 bat=100%/4204mV audio=none idle=829595ms backlight=1 rtc_valid=1
I (857253) drivers_display: touch health reads=11264 ok=11264 fail=0 pressed=13 int=1
W (857311) obd_ble_elm327: [obd_init_failed/0x1408] open elm327 ble client failed: ESP_ERR_TIMEOUT
I (857516) NimBLE: GAP procedure initiated: discovery; 
I (857519) NimBLE: own_addr_type=0 filter_policy=0 passive=0 limited=0 filter_duplicates=1 
I (857523) NimBLE: duration=forever
I (857526) NimBLE: 

I (857528) service_ble_cli: [ok/0x0000] ble client scanning name_filter=OBDII svc=0xFFF0 notify=0xFFF1 write=0xFFF2
I (859865) app_main: [ok/0x0000] heartbeat | page=navigation ui_ready=1 voice=0 nav=0 obd=0 bat=100%/4204mV audio=none idle=834602ms backlight=1 rtc_valid=1
I (864880) app_main: [ok/0x0000] heartbeat | page=navigation ui_ready=1 voice=0 nav=0 obd=0 bat=100%/4201mV audio=none idle=839612ms backlight=1 rtc_valid=1
I (866890) drivers_display: touch health reads=11392 ok=11392 fail=0 pressed=13 int=1
I (869888) app_main: [ok/0x0000] heartbeat | page=navigation ui_ready=1 voice=0 nav=0 obd=0 bat=100%/4204mV audio=none idle=844620ms backlight=1 rtc_valid=1
W (872542) obd_ble_elm327: [obd_init_failed/0x1408] open elm327 ble client failed: ESP_ERR_TIMEOUT
I (872746) NimBLE: GAP procedure initiated: discovery; 
I (872747) NimBLE: own_addr_type=0 filter_policy=0 passive=0 limited=0 filter_duplicates=1 
I (872750) NimBLE: duration=forever
I (872754) NimBLE: 

I (872758) service_ble_cli: [ok/0x0000] ble client scanning name_filter=OBDII svc=0xFFF0 notify=0xFFF1 write=0xFFF2
I (874892) app_main: [ok/0x0000] heartbeat | page=navigation ui_ready=1 voice=0 nav=0 obd=0 bat=100%/4210mV audio=none idle=849623ms backlight=1 rtc_valid=1
I (876587) drivers_display: touch health reads=11520 ok=11520 fail=0 pressed=13 int=1
I (879906) app_main: [ok/0x0000] heartbeat | page=navigation ui_ready=1 voice=0 nav=0 obd=0 bat=100%/4210mV audio=none idle=854635ms backlight=1 rtc_valid=1
I (884915) app_main: [ok/0x0000] heartbeat | page=navigation ui_ready=1 voice=0 nav=0 obd=0 bat=100%/4204mV audio=none idle=859643ms backlight=1 rtc_valid=1
I (886358) drivers_display: touch health reads=11648 ok=11648 fail=0 pressed=13 int=1
W (887780) obd_ble_elm327: [obd_init_failed/0x1408] open elm327 ble client failed: ESP_ERR_TIMEOUT
I (887981) NimBLE: GAP procedure initiated: discovery; 
I (887983) NimBLE: own_addr_type=0 filter_policy=0 passive=0 limited=0 filter_duplicates=1 
I (887985) NimBLE: duration=forever
I (887987) NimBLE: 

I (887995) service_ble_cli: [ok/0x0000] ble client scanning name_filter=OBDII svc=0xFFF0 notify=0xFFF1 write=0xFFF2
I (889923) app_main: [ok/0x0000] heartbeat | page=navigation ui_ready=1 voice=0 nav=0 obd=0 bat=100%/4204mV audio=none idle=864644ms backlight=1 rtc_valid=1
I (894931) app_main: [ok/0x0000] heartbeat | page=navigation ui_ready=1 voice=0 nav=0 obd=0 bat=100%/4204mV audio=none idle=869656ms backlight=1 rtc_valid=1
I (896015) drivers_display: touch health reads=11776 ok=11776 fail=0 pressed=13 int=1
I (899936) app_main: [ok/0x0000] heartbeat | page=navigation ui_ready=1 voice=0 nav=0 obd=0 bat=100%/4213mV audio=none idle=874662ms backlight=1 rtc_valid=1
W (903016) obd_ble_elm327: [obd_init_failed/0x1408] open elm327 ble client failed: ESP_ERR_TIMEOUT
I (903235) NimBLE: GAP procedure initiated: discovery; 
I (903236) NimBLE: own_addr_type=0 filter_policy=0 passive=0 limited=0 filter_duplicates=1 
I (903239) NimBLE: duration=forever
I (903243) NimBLE: 

I (903256) service_ble_cli: [ok/0x0000] ble client scanning name_filter=OBDII svc=0xFFF0 notify=0xFFF1 write=0xFFF2
I (904943) app_main: [ok/0x0000] heartbeat | page=navigation ui_ready=1 voice=0 nav=0 obd=0 bat=100%/4204mV audio=none idle=879677ms backlight=1 rtc_valid=1
I (905678) drivers_display: touch health reads=11904 ok=11904 fail=0 pressed=13 int=1
I (909961) app_main: [ok/0x0000] heartbeat | page=navigation ui_ready=1 voice=0 nav=0 obd=0 bat=100%/4204mV audio=none idle=884682ms backlight=1 rtc_valid=1
I (914977) app_main: [ok/0x0000] heartbeat | page=navigation ui_ready=1 voice=0 nav=0 obd=0 bat=100%/4204mV audio=none idle=889685ms backlight=1 rtc_valid=1
I (915385) drivers_display: touch health reads=12032 ok=12032 fail=0 pressed=13 int=1
W (918265) obd_ble_elm327: [obd_init_failed/0x1408] open elm327 ble client failed: ESP_ERR_TIMEOUT
I (918475) NimBLE: GAP procedure initiated: discovery; 
I (918477) NimBLE: own_addr_type=0 filter_policy=0 passive=0 limited=0 filter_duplicates=1 
I (918481) NimBLE: duration=forever
I (918481) NimBLE: 

I (918488) service_ble_cli: [ok/0x0000] ble client scanning name_filter=OBDII svc=0xFFF0 notify=0xFFF1 write=0xFFF2
I (919981) app_main: [ok/0x0000] heartbeat | page=navigation ui_ready=1 voice=0 nav=0 obd=0 bat=100%/4204mV audio=none idle=894690ms backlight=1 rtc_valid=1
I (924987) app_main: [ok/0x0000] heartbeat | page=navigation ui_ready=1 voice=0 nav=0 obd=0 bat=100%/4213mV audio=none idle=899698ms backlight=1 rtc_valid=1
I (925072) drivers_display: touch health reads=12160 ok=12160 fail=0 pressed=13 int=1
I (930000) app_main: [ok/0x0000] heartbeat | page=navigation ui_ready=1 voice=0 nav=0 obd=0 bat=100%/4204mV audio=none idle=904722ms backlight=1 rtc_valid=1
W (933517) obd_ble_elm327: [obd_init_failed/0x1408] open elm327 ble client failed: ESP_ERR_TIMEOUT
I (933720) NimBLE: GAP procedure initiated: discovery; 
I (933721) NimBLE: own_addr_type=0 filter_policy=0 passive=0 limited=0 filter_duplicates=1 
I (933724) NimBLE: duration=forever
I (933728) NimBLE: 

I (933731) service_ble_cli: [ok/0x0000] ble client scanning name_filter=OBDII svc=0xFFF0 notify=0xFFF1 write=0xFFF2
I (934743) drivers_display: touch health reads=12288 ok=12288 fail=0 pressed=13 int=1
I (935024) app_main: [ok/0x0000] heartbeat | page=navigation ui_ready=1 voice=0 nav=0 obd=0 bat=100%/4204mV audio=none idle=909733ms backlight=1 rtc_valid=1
I (940041) app_main: [ok/0x0000] heartbeat | page=navigation ui_ready=1 voice=0 nav=0 obd=0 bat=100%/4210mV audio=none idle=914738ms backlight=1 rtc_valid=1
I (944416) drivers_display: touch health reads=12416 ok=12416 fail=0 pressed=13 int=1
I (945045) app_main: [ok/0x0000] heartbeat | page=navigation ui_ready=1 voice=0 nav=0 obd=0 bat=100%/4204mV audio=none idle=919757ms backlight=1 rtc_valid=1

