I (42843) app_main: [ok/0x0000] heartbeat | page=obd ui_ready=1 ESP-ROM:esp32s3-20210327
Build:Mar 27 2021
rst:0x15 (USB_UART_CHIP_RESET),boot:0x8 (SPI_FAST_FLASH_BOOT)
Saved PC:0x4037d09e
SPIWP:0xee
mode:DIO, clock div:1
load:0x3fce2820,len:0x14f0
load:0x403c8700,len:0xda0
load:0x403cb700,len:0x2f58
entry 0x403c8908
I (24) boot: ESP-IDF v6.0.1 2nd stage bootloader
I (24) boot: compile time Sep 16 2026 16:18:58
I (25) boot: Multicore bootloader
I (25) boot: chip revision: v0.2
I (27) boot: efuse block revision: v1.3
I (31) boot.esp32s3: Boot SPI Speed : 80MHz
I (35) boot.esp32s3: SPI Mode       : DIO
I (39) boot.esp32s3: SPI Flash Size : 16MB
I (43) boot: Enabling RNG early entropy source...
I (47) boot: Partition Table:
I (50) boot: ## Label            Usage          Type ST Offset   Length
I (56) boot:  0 nvs              WiFi data        01 02 00009000 00006000
I (62) boot:  1 phy_init         RF data          01 01 0000f000 00001000
I (69) boot:  2 factory          factory app      00 00 00010000 00100000
I (76) boot: End of partition table
I (79) esp_image: segment 0: paddr=00010020 vaddr=3c090020 size=27214h (160276) map
I (115) esp_image: segment 1: paddr=0003723c vaddr=3fc99a00 size=04a90h ( 19088) load
I (119) esp_image: segment 2: paddr=0003bcd4 vaddr=40374000 size=04344h ( 17220) load
I (124) esp_image: segment 3: paddr=00040020 vaddr=42000020 size=8a5bch (566716) map
I (228) esp_image: segment 4: paddr=000ca5e4 vaddr=40378344 size=115e0h ( 71136) load
I (244) esp_image: segment 5: paddr=000dbbcc vaddr=50000000 size=00024h (    36) load
I (245) esp_image: segment 6: paddr=000dbbf8 vaddr=600fe000 size=00058h (    88) load
I (257) boot: Loaded app from partition at offset 0x10000
I (257) boot: Disabling RNG early entropy source...
I (270) octal_psram: vendor id    : 0x0d (AP)
I (270) octal_psram: dev id       : 0x02 (generation 3)
I (270) octal_psram: density      : 0x03 (64 Mbit)
I (272) octal_psram: good-die     : 0x01 (Pass)
I (276) octal_psram: Latency      : 0x01 (Fixed)
I (280) octal_psram: VCC          : 0x01 (3V)
I (285) octal_psram: SRF          : 0x01 (Fast Refresh)
I (289) octal_psram: BurstType    : 0x01 (Hybrid Wrap)
I (294) octal_psram: BurstLen     : 0x01 (32 Byte)
I (299) octal_psram: Readlatency  : 0x02 (10 cycles@Fixed)
I (304) octal_psram: DriveStrength: 0x00 (1/1)
I (308) esp_psram: Found 8MB PSRAM device
I (312) esp_psram: Speed: 40MHz
I (315) cpu_start: Multicore app
I (1049) esp_psram: SPI SRAM memory test OK
I (1057) cpu_start: GPIO 44 and 43 are used as console UART I/O pins
I (1058) cpu_start: Pro cpu start user code
I (1058) cpu_start: cpu freq: 240000000 Hz
I (1060) app_init: Application information:
I (1063) app_init: Project name:     pathfinder_single
I (1068) app_init: App version:      5a0129f-dirty
I (1073) app_init: Compile time:     Sep 17 2026 09:37:31
I (1078) app_init: ELF file SHA256:  b8349510a...
I (1082) app_init: ESP-IDF:          v6.0.1
I (1086) efuse_init: Min chip rev:     v0.0
I (1090) efuse_init: Max chip rev:     v0.99 
I (1094) efuse_init: Chip rev:         v0.2
I (1098) heap_init: Initializing. RAM available for dynamic allocation:
I (1105) heap_init: At 3FCA9170 len 000405A0 (257 KiB): RAM
I (1110) heap_init: At 3FCE9710 len 00005724 (21 KiB): RAM
I (1115) heap_init: At 3FCF0000 len 00008000 (32 KiB): DRAM
I (1120) heap_init: At 600FE058 len 00001F90 (7 KiB): RTCRAM
I (1126) esp_psram: Adding pool of 8192K of PSRAM memory to heap allocator
I (1133) spi_flash: detected chip: winbond
I (1136) spi_flash: flash io: dio
I (1140) sleep_gpio: Configure to isolate all GPIO pins in sleep state
I (1146) sleep_gpio: Enable automatic switching of GPIO sleep configuration
I (1161) main_task: Started on CPU0
I (1164) esp_psram: Reserving pool of 32K of internal memory for DMA/internal allocations
I (1172) main_task: Calling app_main()
I (1177) tca9554: detected IO expander at 0x20 output=0xFF config=0xF8
I (1182) board_support: [ok/0x0000] board pins: i2c(0,10,11) lcd(qspi=46,45,42,41,40 cs=21 te=18 bl=5 rst=EXIO2) touch(int=4,rst=EXIO1) rtc(int=9) imu(int1=EXIO5,int2=EXIO4) mic(ws=2 sck=15 sd=39) speaker(bclk=48 lrc=38 dout=47) sd(sck=14 miso=16 mosi=17 cs=EXIO3) bat_adc=8 boot=0
E (1228) vfs_fat_sdmmc: sdmmc_card_init failed (0x107).
E (1229) vfs_fat_sdmmc: esp_vfs_fat_sdspi_sdcard_init failed (0x107).
W (1230) app_main: [log_init_failed/0x140B] log service skipped: ESP_ERR_TIMEOUT
I (1236) app_main: [ok/0x0000] PathFinder Single starting
I (1241) pcf85063: detected RTC at 0x51 ctrl1=0x01
I (1246) app_main: [ok/0x0000] RTC read valid time 2026-01-01 11:23:36
I (1252) qmi8658: init step: settle
I (1375) qmi8658: init step: detect
I (1375) qmi8658: detected QMI8658 addr=0x6B chip=0x05
I (1375) qmi8658: init step: safe whoami probe timeout=20ms
I (1377) qmi8658: safe WHO_AM_I addr=0x6B detect=0x05 probe=0x05
I (1383) qmi8658: init step: ctrl1 aai
I (1386) qmi8658: init step: ctrl2 acc 4g
I (1390) qmi8658: init step: ctrl3 gyro 512dps
I (1394) qmi8658: init step: ctrl5 lpf
I (1398) qmi8658: init step: ctrl7 enable sensors
I (1402) qmi8658: init step: ctrl6 ae mod off
I (1406) qmi8658: QMI8658 init complete addr=0x6B chip=0x05
I (1985) service_attitude: [ok/0x0000] attitude service ready gyro_bias=(2.357, 25.287, -0.146) dps
W (1987) i2s_platform: i2s controller 0 has been occupied by i2s_driver
I (1991) drivers_audio: [ok/0x0000] audio ready mic(bclk=15 ws=2 din=39 16000Hz 32bit) speaker(bclk=48 ws=38 dout=47 24000Hz 16bit)
I (2002) service_audio: [ok/0x0000] audio policy service ready
I (2007) service_voice: [ok/0x0000] voice service bootstrap queued task=task_voice core=1 priority=6 queue_len=8
I (2007) voice_backend: [ok/0x0000] backend selected vendor=xiaozhi-esp32 integration=component input=16000Hz output=24000Hz
I (2018) service_navigation: [ok/0x0000] navigation service ready service=0xFFF0 nav_char=0xFF01 obd_char=0xFF02 ble_ready=0 core=0 priority=3
I (2028) service_audio: [audio_policy/0x200B] audio owner=none mic(req=0 en=0) spk(req=0 en=0 mute=0) policy=idle
I (2052) service_voice: [voice_state/0x2005] voice state=idle active=0 previous_active=0
I (2059) service_voice: [ok/0x0000] voice task ready backend=xiaozhi-esp32 integration=component core=1 priority=6
I (2064) BLE_INIT: BT controller compile version [b7de11e]
I (2074) BLE_INIT: Using main XTAL as clock source
I (2079) BLE_INIT: Feature Config, ADV:1, BLE_50:1, DTM:1, SCAN:1, CCA:0, SMP:1, CONNECT:1
I (2087) BLE_INIT: Bluetooth MAC: 94:a9:90:0f:d2:a2
I (2092) phy_init: phy_version 711,97bcf0a2,Aug 25 2025,19:04:10
I (2167) phy_init: Saving new calibration data due to checksum failure or outdated calibration data, mode(0)
I (2195) NimBLE: GAP procedure initiated: stop advertising.

I (2197) NimBLE: GAP procedure initiated: advertise; 
I (2197) NimBLE: disc_mode=2
I (2197) NimBLE:  adv_channel_map=0 own_addr_type=0 adv_filter_policy=0 adv_itvl_min=0 adv_itvl_max=0
I (2206) NimBLE: 

I (2208) service_ble: [ok/0x0000] ble advertising name=PathFinder Nav service=0xFFF0 nav_char=0xFF01 obd_char=0xFF02
I (2219) service_ble: [ok/0x0000] shared ble service ready name=PathFinder Nav service=0xFFF0 nav_char=0xFF01 obd_char=0xFF02 att_payload=20 nav_budget=20
I (2231) obd_provider: obd adapter profile active=generic_elm327_ble name_filter=OBDII svc=0xFFF0 notify=0xFFF1 write=0xFFF2 write_no_rsp=1
I (2243) obd_provider: vgate candidate profile name_filter=VLINK svc=0x18F0 notify=0x2AF0 write=0x2AF1 write_no_rsp=1
I (2255) obd_provider: obd provider backend selected=service_ble_elm327
I (2260) service_obd: [ok/0x0000] obd service ready provider=service_ble_elm327 core=0 priority=2 timeout=3000ms
I (2516) spd2010: LCD panel create success, version: 2.0.0
I (2691) SPD2010: Touch panel create success, version: 2.0.1
I (2692) drivers_display: touch int level after pull-up restore=0
I (2693) LVGL: Starting LVGL task
E (2700) spd2010: swap_xy is not supported by this panel
I (2701) drivers_display: [ok/0x0000] LCD and LVGL ready touch=enabled
I (2781) service_ui: [ok/0x0000] UI service initialized with LVGL
I (2787) drivers_power: [ok/0x0000] battery adc ready gpio=8 channel=7 calibrated=1
I (2788) service_power: [ok/0x0000] power service ready dim=1800000ms sleep_ready=3600000ms core=0 priority=1
I (2795) main_task: Returned from app_main()
I (2799) app_main: [ok/0x0000] heartbeat | page=system ui_ready=1 voice=0 nav=0 obd=0 bat=100%/0mV audio=none idle=1613ms backlight=1 rtc_valid=1
E (2869) lcd_panel.io.i2c: panel_io_i2c_tx_buffer(193): i2c transaction failed
E (2869) SPD2010: write_tp_cpu_start_cmd(275): Tx failed
E (2870) SPD2010: tp_read_data(448): Write cpu start cmd failed
E (2876) SPD2010: read_data(160): read data failed
E (4088) i2c.master: i2c_master_bus_rm_device(1205): Wrong I2C status, cannot delete device
I (4261) NimBLE: GAP procedure initiated: discovery; 
I (4261) NimBLE: own_addr_type=0 filter_policy=0 passive=0 limited=0 filter_duplicates=1 
I (4264) NimBLE: duration=forever
I (4267) NimBLE: 

I (4269) service_ble_cli: [ok/0x0000] ble client scanning name_filter=OBDII svc=0xFFF0 notify=0xFFF1 write=0xFFF2
I (7813) app_main: [ok/0x0000] heartbeat | page=system ui_ready=1 voice=0 nav=0 obd=0 bat=100%/4204mV audio=none idle=6613ms backlight=1 rtc_valid=1
I (12359) drivers_display: touch health reads=128 ok=127 fail=1 pressed=0 int=1
I (12819) app_main: [ok/0x0000] heartbeat | page=system ui_ready=1 voice=0 nav=0 obd=0 bat=100%/4204mV audio=none idle=11616ms backlight=1 rtc_valid=1
I (17826) app_main: [ok/0x0000] heartbeat | page=system ui_ready=1 voice=0 nav=0 obd=0 bat=100%/4204mV audio=none idle=16622ms backlight=1 rtc_valid=1
W (19280) obd_ble_elm327: [obd_init_failed/0x1408] open elm327 ble client failed: ESP_ERR_TIMEOUT
I (19483) NimBLE: GAP procedure initiated: discovery; 
I (19484) NimBLE: own_addr_type=0 filter_policy=0 passive=0 limited=0 filter_duplicates=1 
I (19487) NimBLE: duration=forever
I (19488) NimBLE: 

I (19492) service_ble_cli: [ok/0x0000] ble client scanning name_filter=OBDII svc=0xFFF0 notify=0xFFF1 write=0xFFF2
I (21841) drivers_display: touch health reads=256 ok=255 fail=1 pressed=0 int=1
I (22832) app_main: [ok/0x0000] heartbeat | page=system ui_ready=1 voice=0 nav=0 obd=0 bat=100%/4213mV audio=none idle=21627ms backlight=1 rtc_valid=1
I (27842) app_main: [ok/0x0000] heartbeat | page=system ui_ready=1 voice=0 nav=0 obd=0 bat=100%/4204mV audio=none idle=26630ms backlight=1 rtc_valid=1
I (28746) service_ble: [ok/0x0000] ble phone connected conn=1 att_payload=20 nav_budget=20
I (28807) service_ble: [ok/0x0000] ble mtu updated conn=1 mtu=256 att_payload=253 nav_budget=40
I (30696) service_navigation: [nav_packet/0x2007] nav fragment msg=1 chunk=1/2 len=15 total=15
I (30697) service_ble: [ok/0x0000] navigation characteristic write conn=1 attr=16 len=20
I (30702) service_navigation: [nav_packet/0x2007] nav fragment msg=1 chunk=2/2 len=7 total=22
I (30710) service_navigation: [nav_packet/0x2007] nav fragment msg=1 reassembled len=22
I (30718) service_ble: [ok/0x0000] navigation characteristic write conn=1 attr=16 len=12
I (30726) app_state: [page_changed/0x2001] page resolved system -> navigation selected=system override=navigation
I (30736) service_navigation: [nav_packet/0x2007] nav packet turn=left step=150m total=1200m remain=180s road=Zhongshan Road packets=1
I (31421) drivers_display: touch health reads=384 ok=383 fail=1 pressed=0 int=1
I (32849) app_main: [ok/0x0000] heartbeat | page=navigation ui_ready=1 voice=0 nav=1 obd=0 bat=100%/4204mV audio=none idle=31642ms backlight=1 rtc_valid=1
I (33847) service_ble: [ok/0x0000] ble phone disconnected conn=1 reason=531
I (33848) NimBLE: GAP procedure initiated: advertise; 
I (33849) NimBLE: disc_mode=2
I (33850) NimBLE:  adv_channel_map=0 own_addr_type=0 adv_filter_policy=0 adv_itvl_min=0 adv_itvl_max=0
I (33859) NimBLE: 

I (33862) service_ble: [ok/0x0000] ble advertising name=PathFinder Nav service=0xFFF0 nav_char=0xFF01 obd_char=0xFF02
W (34505) obd_ble_elm327: [obd_init_failed/0x1408] open elm327 ble client failed: ESP_ERR_TIMEOUT
I (34706) NimBLE: GAP procedure initiated: discovery; 
I (34706) NimBLE: own_addr_type=0 filter_policy=0 passive=0 limited=0 filter_duplicates=1 
I (34709) NimBLE: duration=forever
I (34713) NimBLE: 

I (34714) service_ble_cli: [ok/0x0000] ble client scanning name_filter=OBDII svc=0xFFF0 notify=0xFFF1 write=0xFFF2
I (37854) app_main: [ok/0x0000] heartbeat | page=navigation ui_ready=1 voice=0 nav=1 obd=0 bat=100%/4213mV audio=none idle=36647ms backlight=1 rtc_valid=1
I (40787) app_state: [page_changed/0x2001] page resolved navigation -> system selected=system override=none
I (40788) service_navigation: [nav_timeout/0x2008] navigation timed out after 10000ms last_road=Zhongshan Road
I (41154) drivers_display: touch health reads=512 ok=511 fail=1 pressed=0 int=1
I (42860) app_main: [ok/0x0000] heartbeat | page=system ui_ready=1 voice=0 nav=0 obd=0 bat=100%/4204mV audio=none idle=41652ms backlight=1 rtc_valid=1
I (47863) app_main: [ok/0x0000] heartbeat | page=system ui_ready=1 voice=0 nav=0 obd=0 bat=100%/4213mV audio=none idle=46656ms backlight=1 rtc_valid=1
W (49728) obd_ble_elm327: [obd_init_failed/0x1408] open elm327 ble client failed: ESP_ERR_TIMEOUT
I (49928) NimBLE: GAP procedure initiated: discovery; 
I (49931) NimBLE: own_addr_type=0 filter_policy=0 passive=0 limited=0 filter_duplicates=1 
I (49931) NimBLE: duration=forever
I (49934) NimBLE: 

I (49936) service_ble_cli: [ok/0x0000] ble client scanning name_filter=OBDII svc=0xFFF0 notify=0xFFF1 write=0xFFF2
I (50706) drivers_display: touch health reads=640 ok=639 fail=1 pressed=0 int=1
I (52871) app_main: [ok/0x0000] heartbeat | page=system ui_ready=1 voice=0 nav=0 obd=0 bat=100%/4213mV audio=none idle=51656ms backlight=1 rtc_valid=1
I (57877) app_main: [ok/0x0000] heartbeat | page=system ui_ready=1 voice=0 nav=0 obd=0 bat=100%/4210mV audio=none idle=56657ms backlight=1 rtc_valid=1
I (60291) drivers_display: touch health reads=768 ok=767 fail=1 pressed=0 int=1
I (62883) app_main: [ok/0x0000] heartbeat | page=system ui_ready=1 voice=0 nav=0 obd=0 bat=100%/4204mV audio=none idle=61659ms backlight=1 rtc_valid=1
W (64950) obd_ble_elm327: [obd_init_failed/0x1408] open elm327 ble client failed: ESP_ERR_TIMEOUT
I (65154) NimBLE: GAP procedure initiated: discovery; 
I (65155) NimBLE: own_addr_type=0 filter_policy=0 passive=0 limited=0 filter_duplicates=1 
I (65158) NimBLE: duration=forever
I (65159) NimBLE: 

I (65163) service_ble_cli: [ok/0x0000] ble client scanning name_filter=OBDII svc=0xFFF0 notify=0xFFF1 write=0xFFF2
I (67887) app_main: [ok/0x0000] heartbeat | page=system ui_ready=1 voice=0 nav=0 obd=0 bat=100%/4213mV audio=none idle=66660ms backlight=1 rtc_valid=1
I (69814) drivers_display: touch health reads=896 ok=895 fail=1 pressed=0 int=1
I (71948) service_ble: [ok/0x0000] ble mtu updated conn=1 mtu=256 att_payload=20 nav_budget=20
I (71949) service_ble: [ok/0x0000] ble phone connected conn=1 att_payload=20 nav_budget=20
I (72893) app_main: [ok/0x0000] heartbeat | page=system ui_ready=1 voice=0 nav=0 obd=0 bat=100%/4204mV audio=none idle=71665ms backlight=1 rtc_valid=1
I (73717) service_ble: [ok/0x0000] navigation characteristic write conn=1 attr=16 len=19
I (73718) app_state: [page_changed/0x2001] page resolved system -> navigation selected=system override=navigation
I (73725) service_navigation: [nav_packet/0x2007] nav packet turn=right step=120m total=1860m remain=300s road=Renmin Road packets=2
I (76868) service_ble: [ok/0x0000] ble phone disconnected conn=1 reason=531
I (76869) NimBLE: GAP procedure initiated: advertise; 
I (76869) NimBLE: disc_mode=2
I (76871) NimBLE:  adv_channel_map=0 own_addr_type=0 adv_filter_policy=0 adv_itvl_min=0 adv_itvl_max=0
I (76880) NimBLE: 

I (76883) service_ble: [ok/0x0000] ble advertising name=PathFinder Nav service=0xFFF0 nav_char=0xFF01 obd_char=0xFF02
I (77901) app_main: [ok/0x0000] heartbeat | page=navigation ui_ready=1 voice=0 nav=1 obd=0 bat=100%/4210mV audio=none idle=76681ms backlight=1 rtc_valid=1
I (79519) drivers_display: touch health reads=1024 ok=1023 fail=1 pressed=0 int=1
W (80176) obd_ble_elm327: [obd_init_failed/0x1408] open elm327 ble client failed: ESP_ERR_TIMEOUT
I (80379) NimBLE: GAP procedure initiated: discovery; 
I (80379) NimBLE: own_addr_type=0 filter_policy=0 passive=0 limited=0 filter_duplicates=1 
I (80382) NimBLE: duration=forever
I (80384) NimBLE: 

I (80387) service_ble_cli: [ok/0x0000] ble client scanning name_filter=OBDII svc=0xFFF0 notify=0xFFF1 write=0xFFF2
I (82906) app_main: [ok/0x0000] heartbeat | page=navigation ui_ready=1 voice=0 nav=1 obd=0 bat=100%/4213mV audio=none idle=81692ms backlight=1 rtc_valid=1
I (83732) app_state: [page_changed/0x2001] page resolved navigation -> system selected=system override=none
I (83734) service_navigation: [nav_timeout/0x2008] navigation timed out after 10000ms last_road=Renmin Road
I (87909) app_main: [ok/0x0000] heartbeat | page=system ui_ready=1 voice=0 nav=0 obd=0 bat=100%/4204mV audio=none idle=86693ms backlight=1 rtc_valid=1
I (89166) drivers_display: touch health reads=1152 ok=1151 fail=1 pressed=0 int=1
I (92912) app_main: [ok/0x0000] heartbeat | page=system ui_ready=1 voice=0 nav=0 obd=0 bat=100%/4213mV audio=none idle=91702ms backlight=1 rtc_valid=1
W (95397) obd_ble_elm327: [obd_init_failed/0x1408] open elm327 ble client failed: ESP_ERR_TIMEOUT
I (95600) NimBLE: GAP procedure initiated: discovery; 
I (95601) NimBLE: own_addr_type=0 filter_policy=0 passive=0 limited=0 filter_duplicates=1 
I (95604) NimBLE: duration=forever
I (95605) NimBLE: 

I (95609) service_ble_cli: [ok/0x0000] ble client scanning name_filter=OBDII svc=0xFFF0 notify=0xFFF1 write=0xFFF2
I (97917) app_main: [ok/0x0000] heartbeat | page=system ui_ready=1 voice=0 nav=0 obd=0 bat=100%/4213mV audio=none idle=96705ms backlight=1 rtc_valid=1
I (98721) drivers_display: touch health reads=1280 ok=1279 fail=1 pressed=0 int=1
I (102922) app_main: [ok/0x0000] heartbeat | page=system ui_ready=1 voice=0 nav=0 obd=0 bat=100%/4213mV audio=none idle=101710ms backlight=1 rtc_valid=1
I (107925) app_main: [ok/0x0000] heartbeat | page=system ui_ready=1 voice=0 nav=0 obd=0 bat=100%/4210mV audio=none idle=106713ms backlight=1 rtc_valid=1
I (108196) drivers_display: touch health reads=1408 ok=1407 fail=1 pressed=0 int=1
I (108669) service_ble: [ok/0x0000] ble mtu updated conn=1 mtu=256 att_payload=20 nav_budget=20
I (108729) service_ble: [ok/0x0000] ble phone connected conn=1 att_payload=20 nav_budget=20
I (110363) service_navigation: [nav_packet/0x2007] nav fragment msg=1 chunk=1/3 len=15 total=15
I (110364) service_ble: [ok/0x0000] navigation characteristic write conn=1 attr=16 len=20
I (110369) service_navigation: [nav_packet/0x2007] nav fragment msg=1 chunk=2/3 len=15 total=30
I (110378) service_ble: [ok/0x0000] navigation characteristic write conn=1 attr=16 len=20
I (110386) service_navigation: [nav_packet/0x2007] nav fragment msg=1 chunk=3/3 len=8 total=38
I (110394) service_navigation: [nav_packet/0x2007] nav fragment msg=1 reassembled len=38
I (110402) service_ble: [ok/0x0000] navigation characteristic write conn=1 attr=16 len=13
I (110410) app_state: [page_changed/0x2001] page resolved system -> navigation selected=system override=navigation
I (110420) service_navigation: [nav_packet/0x2007] nav packet turn=left step=350m total=4680m remain=540s road=世纪大道高架辅路人民 packets=3
W (110620) obd_ble_elm327: [obd_init_failed/0x1408] open elm327 ble client failed: ESP_ERR_TIMEOUT
I (110820) NimBLE: GAP procedure initiated: discovery; 
I (110820) NimBLE: own_addr_type=0 filter_policy=0 passive=0 limited=0 filter_duplicates=1 
I (110824) NimBLE: duration=forever
I (110825) NimBLE: 

I (110828) service_ble_cli: [ok/0x0000] ble client scanning name_filter=OBDII svc=0xFFF0 notify=0xFFF1 write=0xFFF2
I (112928) app_main: [ok/0x0000] heartbeat | page=navigation ui_ready=1 voice=0 nav=1 obd=0 bat=100%/4210mV audio=none idle=111260ms backlight=1 rtc_valid=1
I (113529) service_ble: [ok/0x0000] ble phone disconnected conn=1 reason=531
I (113530) NimBLE: GAP procedure initiated: advertise; 
I (113530) NimBLE: disc_mode=2
I (113532) NimBLE:  adv_channel_map=0 own_addr_type=0 adv_filter_policy=0 adv_itvl_min=0 adv_itvl_max=0
I (113542) NimBLE: 

I (113544) service_ble: [ok/0x0000] ble advertising name=PathFinder Nav service=0xFFF0 nav_char=0xFF01 obd_char=0xFF02
I (117920) drivers_display: touch health reads=1536 ok=1535 fail=1 pressed=0 int=1
I (117933) app_main: [ok/0x0000] heartbeat | page=navigation ui_ready=1 voice=0 nav=1 obd=0 bat=100%/4213mV audio=none idle=116288ms backlight=1 rtc_valid=1
