I (115) esp_image: segment 1: paddr=0003711c vaddr=3fc99a00 sizeESP-ROM:esp32s3-20210327
Build:Mar 27 2021
rst:0x15 (USB_UART_CHIP_RESET),boot:0x8 (SPI_FAST_FLASH_BOOT)
Saved PC:0x40041a76
SPIWP:0xee
mode:DIO, clock div:1
load:0x3fce2820,len:0x14f0
load:0x403c8700,len:0xda0
load:0x403cb700,len:0x2f58
entry 0x403c8908
I (24) boot: ESP-IDF v6.0.1 2nd stage bootloader
I (24) boot: compile time Sep 16 2026 16:18:58
I (25) boot: Multicore bootloader
I (25) boot: chip revision: v0.2
I (27) boot: efuse block revision: v1.3
I (31) boot.esp32s3: Boot SPI Speed : 80MHz
I (35) boot.esp32s3: SPI Mode       : DIO
I (39) boot.esp32s3: SPI Flash Size : 16MB
I (43) boot: Enabling RNG early entropy source...
I (47) boot: Partition Table:
I (50) boot: ## Label            Usage          Type ST Offset   Length
I (56) boot:  0 nvs              WiFi data        01 02 00009000 00006000
I (62) boot:  1 phy_init         RF data          01 01 0000f000 00001000
I (69) boot:  2 factory          factory app      00 00 00010000 00100000
I (76) boot: End of partition table
I (79) esp_image: segment 0: paddr=00010020 vaddr=3c090020 size=270f4h (159988) map
I (115) esp_image: segment 1: paddr=0003711c vaddr=3fc99a00 size=04a90h ( 19088) load
I (119) esp_image: segment 2: paddr=0003bbb4 vaddr=40374000 size=04464h ( 17508) load
I (124) esp_image: segment 3: paddr=00040020 vaddr=42000020 size=8a394h (566164) map
I (228) esp_image: segment 4: paddr=000ca3bc vaddr=40378464 size=114c0h ( 70848) load
I (244) esp_image: segment 5: paddr=000db884 vaddr=50000000 size=00024h (    36) load
I (244) esp_image: segment 6: paddr=000db8b0 vaddr=600fe000 size=00058h (    88) load
I (257) boot: Loaded app from partition at offset 0x10000
I (257) boot: Disabling RNG early entropy source...
I (269) octal_psram: vendor id    : 0x0d (AP)
I (269) octal_psram: dev id       : 0x02 (generation 3)
I (270) octal_psram: density      : 0x03 (64 Mbit)
I (272) octal_psram: good-die     : 0x01 (Pass)
I (276) octal_psram: Latency      : 0x01 (Fixed)
I (280) octal_psram: VCC          : 0x01 (3V)
I (284) octal_psram: SRF          : 0x01 (Fast Refresh)
I (289) octal_psram: BurstType    : 0x01 (Hybrid Wrap)
I (294) octal_psram: BurstLen     : 0x01 (32 Byte)
I (299) octal_psram: Readlatency  : 0x02 (10 cycles@Fixed)
I (304) octal_psram: DriveStrength: 0x00 (1/1)
I (308) esp_psram: Found 8MB PSRAM device
I (312) esp_psram: Speed: 40MHz
I (315) cpu_start: Multicore app
I (1049) esp_psram: SPI SRAM memory test OK
I (1057) cpu_start: GPIO 44 and 43 are used as console UART I/O pins
I (1057) cpu_start: Pro cpu start user code
I (1058) cpu_start: cpu freq: 240000000 Hz
I (1059) app_init: Application information:
I (1063) app_init: Project name:     pathfinder_single
I (1068) app_init: App version:      9724359
I (1072) app_init: Compile time:     Sep 16 2026 15:49:51
I (1077) app_init: ELF file SHA256:  186279e1d...
I (1082) app_init: ESP-IDF:          v6.0.1
I (1086) efuse_init: Min chip rev:     v0.0
I (1090) efuse_init: Max chip rev:     v0.99 
I (1094) efuse_init: Chip rev:         v0.2
I (1098) heap_init: Initializing. RAM available for dynamic allocation:
I (1104) heap_init: At 3FCA9160 len 000405B0 (257 KiB): RAM
I (1109) heap_init: At 3FCE9710 len 00005724 (21 KiB): RAM
I (1114) heap_init: At 3FCF0000 len 00008000 (32 KiB): DRAM
I (1120) heap_init: At 600FE058 len 00001F90 (7 KiB): RTCRAM
I (1125) esp_psram: Adding pool of 8192K of PSRAM memory to heap allocator
I (1132) spi_flash: detected chip: winbond
I (1135) spi_flash: flash io: dio
I (1139) sleep_gpio: Configure to isolate all GPIO pins in sleep state
I (1145) sleep_gpio: Enable automatic switching of GPIO sleep configuration
I (1161) main_task: Started on CPU0
I (1164) esp_psram: Reserving pool of 32K of internal memory for DMA/internal allocations
I (1172) main_task: Calling app_main()
I (1177) tca9554: detected IO expander at 0x20 output=0xFF config=0xF8
I (1182) board_support: [ok/0x0000] board pins: i2c(0,10,11) lcd(qspi=46,45,42,41,40 cs=21 te=18 bl=5 rst=EXIO2) touch(int=4,rst=EXIO1) rtc(int=9) imu(int1=EXIO5,int2=EXIO4) mic(ws=2 sck=15 sd=39) speaker(bclk=48 lrc=38 dout=47) sd(sck=14 miso=16 mosi=17 cs=EXIO3) bat_adc=8 boot=0
E (1228) vfs_fat_sdmmc: sdmmc_card_init failed (0x107).
E (1229) vfs_fat_sdmmc: esp_vfs_fat_sdspi_sdcard_init failed (0x107).
W (1230) app_main: [log_init_failed/0x140B] log service skipped: ESP_ERR_TIMEOUT
I (1236) app_main: [ok/0x0000] PathFinder Single starting
I (1241) pcf85063: detected RTC at 0x51 ctrl1=0x00
I (1246) app_main: [ok/0x0000] RTC read valid time 2026-01-01 00:03:24
I (1252) qmi8658: init step: settle
I (1375) qmi8658: init step: detect
I (1375) qmi8658: detected QMI8658 addr=0x6B chip=0x05
I (1375) qmi8658: init step: safe whoami probe timeout=20ms
I (1377) qmi8658: safe WHO_AM_I addr=0x6B detect=0x05 probe=0x05
I (1383) qmi8658: init step: ctrl1 aai
I (1386) qmi8658: init step: ctrl2 acc 4g
I (1390) qmi8658: init step: ctrl3 gyro 512dps
I (1394) qmi8658: init step: ctrl5 lpf
I (1398) qmi8658: init step: ctrl7 enable sensors
I (1402) qmi8658: init step: ctrl6 ae mod off
I (1406) qmi8658: QMI8658 init complete addr=0x6B chip=0x05
I (1985) service_attitude: [ok/0x0000] attitude service ready gyro_bias=(2.663, 26.662, 0.194) dps
W (2006) i2s_platform: i2s controller 0 has been occupied by i2s_driver
I (2018) drivers_audio: [ok/0x0000] audio ready mic(bclk=15 ws=2 din=39 16000Hz 32bit) speaker(bclk=48 ws=38 dout=47 24000Hz 16bit)
I (2030) service_audio: [ok/0x0000] audio policy service ready
I (2030) voice_backend: [ok/0x0000] backend selected vendor=xiaozhi-esp32 integration=component input=16000Hz output=24000Hz
I (2039) service_audio: [audio_policy/0x200B] audio owner=none mic(req=0 en=0) spk(req=0 en=0 mute=0) policy=idle
I (2049) service_voice: [voice_state/0x2005] voice state=idle active=0 previous_active=0
I (2057) service_voice: [ok/0x0000] voice task ready backend=xiaozhi-esp32 integration=component core=1 priority=6
I (2034) service_voice: [ok/0x0000] voice service bootstrap queued task=task_voice core=1 priority=6 queue_len=8
I (2082) service_navigation: [ok/0x0000] navigation service ready service=0xFFF0 nav_char=0xFF01 obd_char=0xFF02 ble_ready=0 core=0 priority=3
I (2350) BLE_INIT: BT controller compile version [b7de11e]
I (2354) BLE_INIT: Using main XTAL as clock source
I (2358) BLE_INIT: Feature Config, ADV:1, BLE_50:1, DTM:1, SCAN:1, CCA:0, SMP:1, CONNECT:1
I (2370) BLE_INIT: Bluetooth MAC: 94:a9:90:0f:d2:a2
I (2374) phy_init: phy_version 711,97bcf0a2,Aug 25 2025,19:04:10
I (2761) NimBLE: GAP procedure initiated: stop advertising.

I (2763) NimBLE: GAP procedure initiated: advertise; 
I (2763) NimBLE: disc_mode=2
I (2763) NimBLE:  adv_channel_map=0 own_addr_type=0 adv_filter_policy=0 adv_itvl_min=0 adv_itvl_max=0
I (2772) NimBLE: 

I (2775) service_ble: [ok/0x0000] ble advertising name=PathFinder Nav service=0xFFF0 nav_char=0xFF01 obd_char=0xFF02
I (2785) service_ble: [ok/0x0000] shared ble service ready name=PathFinder Nav service=0xFFF0 nav_char=0xFF01 obd_char=0xFF02 att_payload=20 nav_budget=20
I (2801) obd_provider: obd adapter profile active=generic_elm327_ble name_filter=OBDII svc=0xFFF0 notify=0xFFF1 write=0xFFF2 write_no_rsp=1
I (2813) obd_provider: vgate candidate profile name_filter=VLINK svc=0x18F0 notify=0x2AF0 write=0x2AF1 write_no_rsp=1
I (2821) obd_provider: obd provider backend selected=service_ble_elm327
I (2833) service_obd: [ok/0x0000] obd service ready provider=service_ble_elm327 core=0 priority=2 timeout=3000ms
E (2945) board_support: board_support_reset_lcd(142): lcd reset low failed
E (2949) drivers_display: drivers_display_init(214): reset LCD failed
E (2953) service_ui: service_ui_init(1379): display stack init failed
ESP_ERROR_CHECK failed: esp_err_t 0x107 (ESP_ERR_TIMEOUT) at 0x4200e63f
file: "./main/app_main.c" line 250
func: app_main
expression: service_ui_init()

abort() was called at PC 0x40383f56 on core 0


Backtrace: 0x40383f95:0x3fcacaf0 0x40383f61:0x3fcacb10 0x40382dcb:0x3fcacb30 0x40383f56:0x3fcacba0 0x4200e63f:0x3fcacbd0 0x42007a92:0x3fcacc30




ELF file SHA256: 186279e1d

Rebooting...
ESP-ROM:esp32s3-20210327
Build:Mar 27 2021
rst:0xc (RTC_SW_CPU_RST),boot:0x8 (SPI_FAST_FLASH_BOOT)
Saved PC:0x40384106
SPIWP:0xee
mode:DIO, clock div:1
load:0x3fce2820,len:0x14f0
load:0x403c8700,len:0xda0
load:0x403cb700,len:0x2f58
entry 0x403c8908
I (24) boot: ESP-IDF v6.0.1 2nd stage bootloader
I (24) boot: compile time Sep 16 2026 16:18:58
I (24) boot: Multicore bootloader
I (24) boot: chip revision: v0.2
I (27) boot: efuse block revision: v1.3
I (31) boot.esp32s3: Boot SPI Speed : 80MHz
I (34) boot.esp32s3: SPI Mode       : DIO
I (38) boot.esp32s3: SPI Flash Size : 16MB
I (42) boot: Enabling RNG early entropy source...
I (47) boot: Partition Table:
I (49) boot: ## Label            Usage          Type ST Offset   Length
I (55) boot:  0 nvs              WiFi data        01 02 00009000 00006000
I (62) boot:  1 phy_init         RF data          01 01 0000f000 00001000
I (68) boot:  2 factory          factory app      00 00 00010000 00100000
I (75) boot: End of partition table
I (78) esp_image: segment 0: paddr=00010020 vaddr=3c090020 size=270f4h (159988) map
I (114) esp_image: segment 1: paddr=0003711c vaddr=3fc99a00 size=04a90h ( 19088) load
I (119) esp_image: segment 2: paddr=0003bbb4 vaddr=40374000 size=04464h ( 17508) load
I (123) esp_image: segment 3: paddr=00040020 vaddr=42000020 size=8a394h (566164) map
I (227) esp_image: segment 4: paddr=000ca3bc vaddr=40378464 size=114c0h ( 70848) load
I (243) esp_image: segment 5: paddr=000db884 vaddr=50000000 size=00024h (    36) load
I (244) esp_image: segment 6: paddr=000db8b0 vaddr=600fe000 size=00058h (    88) load
I (256) boot: Loaded app from partition at offset 0x10000
I (257) boot: Disabling RNG early entropy source...
I (269) octal_psram: vendor id    : 0x0d (AP)
I (269) octal_psram: dev id       : 0x02 (generation 3)
I (269) octal_psram: density      : 0x03 (64 Mbit)
I (271) octal_psram: good-die     : 0x01 (Pass)
I (275) octal_psram: Latency      : 0x01 (Fixed)
I (280) octal_psram: VCC          : 0x01 (3V)
I (284) octal_psram: SRF          : 0x01 (Fast Refresh)
I (289) octal_psram: BurstType    : 0x01 (Hybrid Wrap)
I (294) octal_psram: BurstLen     : 0x01 (32 Byte)
I (298) octal_psram: Readlatency  : 0x02 (10 cycles@Fixed)
I (303) octal_psram: DriveStrength: 0x00 (1/1)
I (308) esp_psram: Found 8MB PSRAM device
I (311) esp_psram: Speed: 40MHz
I (314) cpu_start: Multicore app
I (1048) esp_psram: SPI SRAM memory test OK
I (1056) cpu_start: GPIO 44 and 43 are used as console UART I/O pins
I (1057) cpu_start: Pro cpu start user code
I (1057) cpu_start: cpu freq: 240000000 Hz
I (1059) app_init: Application information:
I (1063) app_init: Project name:     pathfinder_single
I (1068) app_init: App version:      9724359
I (1072) app_init: Compile time:     Sep 16 2026 15:49:51
I (1077) app_init: ELF file SHA256:  186279e1d...
I (1081) app_init: ESP-IDF:          v6.0.1
I (1085) efuse_init: Min chip rev:     v0.0
I (1089) efuse_init: Max chip rev:     v0.99 
I (1093) efuse_init: Chip rev:         v0.2
I (1097) heap_init: Initializing. RAM available for dynamic allocation:
I (1103) heap_init: At 3FCA9160 len 000405B0 (257 KiB): RAM
I (1109) heap_init: At 3FCE9710 len 00005724 (21 KiB): RAM
I (1114) heap_init: At 3FCF0000 len 00008000 (32 KiB): DRAM
I (1119) heap_init: At 600FE058 len 00001F90 (7 KiB): RTCRAM
I (1125) esp_psram: Adding pool of 8192K of PSRAM memory to heap allocator
I (1132) spi_flash: detected chip: winbond
I (1135) spi_flash: flash io: dio
I (1139) sleep_gpio: Configure to isolate all GPIO pins in sleep state
I (1144) sleep_gpio: Enable automatic switching of GPIO sleep configuration
I (1160) main_task: Started on CPU0
I (1163) esp_psram: Reserving pool of 32K of internal memory for DMA/internal allocations
I (1171) main_task: Calling app_main()
I (1176) tca9554: detected IO expander at 0x20 output=0xFF config=0xF8
I (1182) board_support: [ok/0x0000] board pins: i2c(0,10,11) lcd(qspi=46,45,42,41,40 cs=21 te=18 bl=5 rst=EXIO2) touch(int=4,rst=EXIO1) rtc(int=9) imu(int1=EXIO5,int2=EXIO4) mic(ws=2 sck=15 sd=39) speaker(bclk=48 lrc=38 dout=47) sd(sck=14 miso=16 mosi=17 cs=EXIO3) bat_adc=8 boot=0
E (1227) vfs_fat_sdmmc: sdmmc_card_init failed (0x107).
E (1228) vfs_fat_sdmmc: esp_vfs_fat_sdspi_sdcard_init failed (0x107).
W (1229) app_main: [log_init_failed/0x140B] log service skipped: ESP_ERR_TIMEOUT
I (1235) app_main: [ok/0x0000] PathFinder Single starting
I (1240) pcf85063: detected RTC at 0x51 ctrl1=0x00
I (1245) app_main: [ok/0x0000] RTC read valid time 2026-01-01 00:03:27
I (1251) qmi8658: init step: settle
I (1374) qmi8658: init step: detect
I (1374) qmi8658: detected QMI8658 addr=0x6B chip=0x05
I (1374) qmi8658: init step: safe whoami probe timeout=20ms
I (1376) qmi8658: safe WHO_AM_I addr=0x6B detect=0x05 probe=0x05
I (1382) qmi8658: init step: ctrl1 aai
I (1385) qmi8658: init step: ctrl2 acc 4g
I (1389) qmi8658: init step: ctrl3 gyro 512dps
I (1393) qmi8658: init step: ctrl5 lpf
I (1397) qmi8658: init step: ctrl7 enable sensors
I (1401) qmi8658: init step: ctrl6 ae mod off
I (1405) qmi8658: QMI8658 init complete addr=0x6B chip=0x05
I (1984) service_attitude: [ok/0x0000] attitude service ready gyro_bias=(2.814, 26.936, 0.046) dps
W (2001) i2s_platform: i2s controller 0 has been occupied by i2s_driver
I (2017) drivers_audio: [ok/0x0000] audio ready mic(bclk=15 ws=2 din=39 16000Hz 32bit) speaker(bclk=48 ws=38 dout=47 24000Hz 16bit)
I (2025) service_audio: [ok/0x0000] audio policy service ready
I (2029) service_voice: [ok/0x0000] voice service bootstrap queued task=task_voice core=1 priority=6 queue_len=8
I (2029) voice_backend: [ok/0x0000] backend selected vendor=xiaozhi-esp32 integration=component input=16000Hz output=24000Hz
I (2048) service_audio: [audio_policy/0x200B] audio owner=none mic(req=0 en=0) spk(req=0 en=0 mute=0) policy=idle
I (2058) service_voice: [voice_state/0x2005] voice state=idle active=0 previous_active=0
I (2066) service_voice: [ok/0x0000] voice task ready backend=xiaozhi-esp32 integration=component core=1 priority=6
I (2037) service_navigation: [ok/0x0000] navigation service ready service=0xFFF0 nav_char=0xFF01 obd_char=0xFF02 ble_ready=0 core=0 priority=3
I (2353) BLE_INIT: BT controller compile version [b7de11e]
I (2357) BLE_INIT: Using main XTAL as clock source
I (2362) BLE_INIT: Feature Config, ADV:1, BLE_50:1, DTM:1, SCAN:1, CCA:0, SMP:1, CONNECT:1
I (2374) BLE_INIT: Bluetooth MAC: 94:a9:90:0f:d2:a2
I (2378) phy_init: phy_version 711,97bcf0a2,Aug 25 2025,19:04:10
I (2773) NimBLE: GAP procedure initiated: stop advertising.

I (2775) NimBLE: GAP procedure initiated: advertise; 
I (2775) NimBLE: disc_mode=2
I (2775) NimBLE:  adv_channel_map=0 own_addr_type=0 adv_filter_policy=0 adv_itvl_min=0 adv_itvl_max=0
I (2784) NimBLE: 

I (2786) service_ble: [ok/0x0000] ble advertising name=PathFinder Nav service=0xFFF0 nav_char=0xFF01 obd_char=0xFF02
I (2797) service_ble: [ok/0x0000] shared ble service ready name=PathFinder Nav service=0xFFF0 nav_char=0xFF01 obd_char=0xFF02 att_payload=20 nav_budget=20
I (2813) obd_provider: obd adapter profile active=generic_elm327_ble name_filter=OBDII svc=0xFFF0 notify=0xFFF1 write=0xFFF2 write_no_rsp=1
I (2825) obd_provider: vgate candidate profile name_filter=VLINK svc=0x18F0 notify=0x2AF0 write=0x2AF1 write_no_rsp=1
I (2833) obd_provider: obd provider backend selected=service_ble_elm327
I (2845) service_obd: [ok/0x0000] obd service ready provider=service_ble_elm327 core=0 priority=2 timeout=3000ms
E (2957) board_support: board_support_reset_lcd(142): lcd reset low failed
E (2961) drivers_display: drivers_display_init(214): reset LCD failed
E (2965) service_ui: service_ui_init(1379): display stack init failed
ESP_ERROR_CHECK failed: esp_err_t 0x107 (ESP_ERR_TIMEOUT) at 0x4200e63f
file: "./main/app_main.c" line 250
func: app_main
expression: service_ui_init()

abort() was called at PC 0x40383f56 on core 0


Backtrace: 0x40383f95:0x3fcacaf0 0x40383f61:0x3fcacb10 0x40382dcb:0x3fcacb30 0x40383f56:0x3fcacba0 0x4200e63f:0x3fcacbd0 0x42007a92:0x3fcacc30




ELF file SHA256: 186279e1d

Rebooting...
ESP-ROM:esp32s3-20210327
Build:Mar 27 2021
rst:0xc (RTC_SW_CPU_RST),boot:0x8 (SPI_FAST_FLASH_BOOT)
Saved PC:0x40384106
SPIWP:0xee
mode:DIO, clock div:1
load:0x3fce2820,len:0x14f0
load:0x403c8700,len:0xda0
load:0x403cb700,len:0x2f58
entry 0x403c8908
I (24) boot: ESP-IDF v6.0.1 2nd stage bootloader
I (24) boot: compile time Sep 16 2026 16:18:58
I (24) boot: Multicore bootloader
I (24) boot: chip revision: v0.2
I (27) boot: efuse block revision: v1.3
I (31) boot.esp32s3: Boot SPI Speed : 80MHz
I (34) boot.esp32s3: SPI Mode       : DIO
I (38) boot.esp32s3: SPI Flash Size : 16MB
I (42) boot: Enabling RNG early entropy source...
I (47) boot: Partition Table:
I (49) boot: ## Label            Usage          Type ST Offset   Length
I (55) boot:  0 nvs              WiFi data        01 02 00009000 00006000
I (62) boot:  1 phy_init         RF data          01 01 0000f000 00001000
I (68) boot:  2 factory          factory app      00 00 00010000 00100000
I (75) boot: End of partition table
I (78) esp_image: segment 0: paddr=00010020 vaddr=3c090020 size=270f4h (159988) map
I (114) esp_image: segment 1: paddr=0003711c vaddr=3fc99a00 size=04a90h ( 19088) load
I (119) esp_image: segment 2: paddr=0003bbb4 vaddr=40374000 size=04464h ( 17508) load
I (123) esp_image: segment 3: paddr=00040020 vaddr=42000020 size=8a394h (566164) map
I (227) esp_image: segment 4: paddr=000ca3bc vaddr=40378464 size=114c0h ( 70848) load
I (243) esp_image: segment 5: paddr=000db884 vaddr=50000000 size=00024h (    36) load
I (244) esp_image: segment 6: paddr=000db8b0 vaddr=600fe000 size=00058h (    88) load
I (256) boot: Loaded app from partition at offset 0x10000
I (257) boot: Disabling RNG early entropy source...
I (269) octal_psram: vendor id    : 0x0d (AP)
I (269) octal_psram: dev id       : 0x02 (generation 3)
I (269) octal_psram: density      : 0x03 (64 Mbit)
I (271) octal_psram: good-die     : 0x01 (Pass)
I (275) octal_psram: Latency      : 0x01 (Fixed)
I (280) octal_psram: VCC          : 0x01 (3V)
I (284) octal_psram: SRF          : 0x01 (Fast Refresh)
I (289) octal_psram: BurstType    : 0x01 (Hybrid Wrap)
I (294) octal_psram: BurstLen     : 0x01 (32 Byte)
I (298) octal_psram: Readlatency  : 0x02 (10 cycles@Fixed)
I (303) octal_psram: DriveStrength: 0x00 (1/1)
I (308) esp_psram: Found 8MB PSRAM device
I (311) esp_psram: Speed: 40MHz
I (314) cpu_start: Multicore app
I (1048) esp_psram: SPI SRAM memory test OK
I (1056) cpu_start: GPIO 44 and 43 are used as console UART I/O pins
I (1057) cpu_start: Pro cpu start user code
I (1057) cpu_start: cpu freq: 240000000 Hz
I (1059) app_init: Application information:
I (1063) app_init: Project name:     pathfinder_single
I (1068) app_init: App version:      9724359
I (1072) app_init: Compile time:     Sep 16 2026 15:49:51
I (1077) app_init: ELF file SHA256:  186279e1d...
I (1081) app_init: ESP-IDF:          v6.0.1
I (1085) efuse_init: Min chip rev:     v0.0
I (1089) efuse_init: Max chip rev:     v0.99 
I (1093) efuse_init: Chip rev:         v0.2
I (1097) heap_init: Initializing. RAM available for dynamic allocation:
I (1103) heap_init: At 3FCA9160 len 000405B0 (257 KiB): RAM
I (1109) heap_init: At 3FCE9710 len 00005724 (21 KiB): RAM
I (1114) heap_init: At 3FCF0000 len 00008000 (32 KiB): DRAM
I (1119) heap_init: At 600FE058 len 00001F90 (7 KiB): RTCRAM
I (1125) esp_psram: Adding pool of 8192K of PSRAM memory to heap allocator
I (1132) spi_flash: detected chip: winbond
I (1135) spi_flash: flash io: dio
I (1139) sleep_gpio: Configure to isolate all GPIO pins in sleep state
I (1144) sleep_gpio: Enable automatic switching of GPIO sleep configuration
I (1160) main_task: Started on CPU0
I (1163) esp_psram: Reserving pool of 32K of internal memory for DMA/internal allocations
I (1171) main_task: Calling app_main()
I (1176) tca9554: detected IO expander at 0x20 output=0xFF config=0xF8
I (1182) board_support: [ok/0x0000] board pins: i2c(0,10,11) lcd(qspi=46,45,42,41,40 cs=21 te=18 bl=5 rst=EXIO2) touch(int=4,rst=EXIO1) rtc(int=9) imu(int1=EXIO5,int2=EXIO4) mic(ws=2 sck=15 sd=39) speaker(bclk=48 lrc=38 dout=47) sd(sck=14 miso=16 mosi=17 cs=EXIO3) bat_adc=8 boot=0
E (1227) vfs_fat_sdmmc: sdmmc_card_init failed (0x107).
E (1228) vfs_fat_sdmmc: esp_vfs_fat_sdspi_sdcard_init failed (0x107).
W (1229) app_main: [log_init_failed/0x140B] log service skipped: ESP_ERR_TIMEOUT
I (1235) app_main: [ok/0x0000] PathFinder Single starting
I (1240) pcf85063: detected RTC at 0x51 ctrl1=0x00
I (1245) app_main: [ok/0x0000] RTC read valid time 2026-01-01 00:03:30
I (1251) qmi8658: init step: settle
I (1374) qmi8658: init step: detect
I (1374) qmi8658: detected QMI8658 addr=0x6B chip=0x05
I (1374) qmi8658: init step: safe whoami probe timeout=20ms
I (1376) qmi8658: safe WHO_AM_I addr=0x6B detect=0x05 probe=0x05
I (1382) qmi8658: init step: ctrl1 aai
I (1385) qmi8658: init step: ctrl2 acc 4g
I (1389) qmi8658: init step: ctrl3 gyro 512dps
I (1393) qmi8658: init step: ctrl5 lpf
I (1397) qmi8658: init step: ctrl7 enable sensors
I (1401) qmi8658: init step: ctrl6 ae mod off
I (1405) qmi8658: QMI8658 init complete addr=0x6B chip=0x05
I (1984) service_attitude: [ok/0x0000] attitude service ready gyro_bias=(2.605, 25.343, 0.023) dps
W (2001) i2s_platform: i2s controller 0 has been occupied by i2s_driver
I (2017) drivers_audio: [ok/0x0000] audio ready mic(bclk=15 ws=2 din=39 16000Hz 32bit) speaker(bclk=48 ws=38 dout=47 24000Hz 16bit)
I (2025) service_audio: [ok/0x0000] audio policy service ready
I (2029) voice_backend: [ok/0x0000] backend selected vendor=xiaozhi-esp32 integration=component input=16000Hz output=24000Hz
I (2038) service_audio: [audio_policy/0x200B] audio owner=none mic(req=0 en=0) spk(req=0 en=0 mute=0) policy=idle
I (2048) service_voice: [voice_state/0x2005] voice state=idle active=0 previous_active=0
I (2056) service_voice: [ok/0x0000] voice task ready backend=xiaozhi-esp32 integration=component core=1 priority=6
I (2029) service_voice: [ok/0x0000] voice service bootstrap queued task=task_voice core=1 priority=6 queue_len=8
I (2081) service_navigation: [ok/0x0000] navigation service ready service=0xFFF0 nav_char=0xFF01 obd_char=0xFF02 ble_ready=0 core=0 priority=3
I (2349) BLE_INIT: BT controller compile version [b7de11e]
I (2353) BLE_INIT: Using main XTAL as clock source
I (2357) BLE_INIT: Feature Config, ADV:1, BLE_50:1, DTM:1, SCAN:1, CCA:0, SMP:1, CONNECT:1
I (2369) BLE_INIT: Bluetooth MAC: 94:a9:90:0f:d2:a2
I (2373) phy_init: phy_version 711,97bcf0a2,Aug 25 2025,19:04:10
I (2768) NimBLE: GAP procedure initiated: stop advertising.

I (2770) NimBLE: GAP procedure initiated: advertise; 
I (2770) NimBLE: disc_mode=2
I (2770) NimBLE:  adv_channel_map=0 own_addr_type=0 adv_filter_policy=0 adv_itvl_min=0 adv_itvl_max=0
I (2779) NimBLE: 

I (2782) service_ble: [ok/0x0000] ble advertising name=PathFinder Nav service=0xFFF0 nav_char=0xFF01 obd_char=0xFF02
I (2792) service_ble: [ok/0x0000] shared ble service ready name=PathFinder Nav service=0xFFF0 nav_char=0xFF01 obd_char=0xFF02 att_payload=20 nav_budget=20
I (2808) obd_provider: obd adapter profile active=generic_elm327_ble name_filter=OBDII svc=0xFFF0 notify=0xFFF1 write=0xFFF2 write_no_rsp=1
I (2820) obd_provider: vgate candidate profile name_filter=VLINK svc=0x18F0 notify=0x2AF0 write=0x2AF1 write_no_rsp=1
I (2828) obd_provider: obd provider backend selected=service_ble_elm327
I (2840) service_obd: [ok/0x0000] obd service ready provider=service_ble_elm327 core=0 priority=2 timeout=3000ms
E (2952) board_support: board_support_reset_lcd(142): lcd reset low failed
E (2956) drivers_display: drivers_display_init(214): reset LCD failed
E (2960) service_ui: service_ui_init(1379): display stack init failed
ESP_ERROR_CHECK failed: esp_err_t 0x107 (ESP_ERR_TIMEOUT) at 0x4200e63f
file: "./main/app_main.c" line 250
func: app_main
expression: service_ui_init()

abort() was called at PC 0x40383f56 on core 0


Backtrace: 0x40383f95:0x3fcacaf0 0x40383f61:0x3fcacb10 0x40382dcb:0x3fcacb30 0x40383f56:0x3fcacba0 0x4200e63f:0x3fcacbd0 0x42007a92:0x3fcacc30




ELF file SHA256: 186279e1d

Rebooting...
ESP-ROM:esp32s3-20210327
Build:Mar 27 2021
rst:0xc (RTC_SW_CPU_RST),boot:0x8 (SPI_FAST_FLASH_BOOT)
Saved PC:0x40384106
SPIWP:0xee
mode:DIO, clock div:1
load:0x3fce2820,len:0x14f0
load:0x403c8700,len:0xda0
load:0x403cb700,len:0x2f58
entry 0x403c8908
I (24) boot: ESP-IDF v6.0.1 2nd stage bootloader
I (24) boot: compile time Sep 16 2026 16:18:58
I (24) boot: Multicore bootloader
I (24) boot: chip revision: v0.2
I (27) boot: efuse block revision: v1.3
I (31) boot.esp32s3: Boot SPI Speed : 80MHz
I (34) boot.esp32s3: SPI Mode       : DIO
I (38) boot.esp32s3: SPI Flash Size : 16MB
I (42) boot: Enabling RNG early entropy source...
I (47) boot: Partition Table:
I (49) boot: ## Label            Usage          Type ST Offset   Length
I (55) boot:  0 nvs              WiFi data        01 02 00009000 00006000
I (62) boot:  1 phy_init         RF data          01 01 0000f000 00001000
I (68) boot:  2 factory          factory app      00 00 00010000 00100000
I (75) boot: End of partition table
I (78) esp_image: segment 0: paddr=00010020 vaddr=3c090020 size=270f4h (159988) map
I (114) esp_image: segment 1: paddr=0003711c vaddr=3fc99a00 size=04a90h ( 19088) load
I (119) esp_image: segment 2: paddr=0003bbb4 vaddr=40374000 size=04464h ( 17508) load
I (123) esp_image: segment 3: paddr=00040020 vaddr=42000020 size=8a394h (566164) map
I (227) esp_image: segment 4: paddr=000ca3bc vaddr=40378464 size=114c0h ( 70848) load
I (243) esp_image: segment 5: paddr=000db884 vaddr=50000000 size=00024h (    36) load
I (244) esp_image: segment 6: paddr=000db8b0 vaddr=600fe000 size=00058h (    88) load
I (256) boot: Loaded app from partition at offset 0x10000
I (257) boot: Disabling RNG early entropy source...
I (269) octal_psram: vendor id    : 0x0d (AP)
I (269) octal_psram: dev id       : 0x02 (generation 3)
I (269) octal_psram: density      : 0x03 (64 Mbit)
I (271) octal_psram: good-die     : 0x01 (Pass)
I (275) octal_psram: Latency      : 0x01 (Fixed)
I (280) octal_psram: VCC          : 0x01 (3V)
I (284) octal_psram: SRF          : 0x01 (Fast Refresh)
I (289) octal_psram: BurstType    : 0x01 (Hybrid Wrap)
I (294) octal_psram: BurstLen     : 0x01 (32 Byte)
I (298) octal_psram: Readlatency  : 0x02 (10 cycles@Fixed)
I (303) octal_psram: DriveStrength: 0x00 (1/1)
I (308) esp_psram: Found 8MB PSRAM device
I (311) esp_psram: Speed: 40MHz
I (314) cpu_start: Multicore app
I (1048) esp_psram: SPI SRAM memory test OK
I (1056) cpu_start: GPIO 44 and 43 are used as console UART I/O pins
I (1057) cpu_start: Pro cpu start user code
I (1057) cpu_start: cpu freq: 240000000 Hz
I (1059) app_init: Application information:
I (1063) app_init: Project name:     pathfinder_single
I (1068) app_init: App version:      9724359
I (1072) app_init: Compile time:     Sep 16 2026 15:49:51
I (1077) app_init: ELF file SHA256:  186279e1d...
I (1081) app_init: ESP-IDF:          v6.0.1
I (1085) efuse_init: Min chip rev:     v0.0
I (1089) efuse_init: Max chip rev:     v0.99 
I (1093) efuse_init: Chip rev:         v0.2
I (1097) heap_init: Initializing. RAM available for dynamic allocation:
I (1103) heap_init: At 3FCA9160 len 000405B0 (257 KiB): RAM
I (1109) heap_init: At 3FCE9710 len 00005724 (21 KiB): RAM
I (1114) heap_init: At 3FCF0000 len 00008000 (32 KiB): DRAM
I (1119) heap_init: At 600FE058 len 00001F90 (7 KiB): RTCRAM
I (1125) esp_psram: Adding pool of 8192K of PSRAM memory to heap allocator
I (1132) spi_flash: detected chip: winbond
I (1135) spi_flash: flash io: dio
I (1139) sleep_gpio: Configure to isolate all GPIO pins in sleep state
I (1144) sleep_gpio: Enable automatic switching of GPIO sleep configuration
I (1160) main_task: Started on CPU0
I (1163) esp_psram: Reserving pool of 32K of internal memory for DMA/internal allocations
I (1171) main_task: Calling app_main()
I (1176) tca9554: detected IO expander at 0x20 output=0xFF config=0xF8
I (1182) board_support: [ok/0x0000] board pins: i2c(0,10,11) lcd(qspi=46,45,42,41,40 cs=21 te=18 bl=5 rst=EXIO2) touch(int=4,rst=EXIO1) rtc(int=9) imu(int1=EXIO5,int2=EXIO4) mic(ws=2 sck=15 sd=39) speaker(bclk=48 lrc=38 dout=47) sd(sck=14 miso=16 mosi=17 cs=EXIO3) bat_adc=8 boot=0
E (1227) vfs_fat_sdmmc: sdmmc_card_init failed (0x107).
E (1228) vfs_fat_sdmmc: esp_vfs_fat_sdspi_sdcard_init failed (0x107).
W (1229) app_main: [log_init_failed/0x140B] log service skipped: ESP_ERR_TIMEOUT
I (1235) app_main: [ok/0x0000] PathFinder Single starting
I (1240) pcf85063: detected RTC at 0x51 ctrl1=0x00
I (1245) app_main: [ok/0x0000] RTC read valid time 2026-01-01 00:03:33
I (1251) qmi8658: init step: settle
I (1374) qmi8658: init step: detect
I (1374) qmi8658: detected QMI8658 addr=0x6B chip=0x05
I (1374) qmi8658: init step: safe whoami probe timeout=20ms
I (1376) qmi8658: safe WHO_AM_I addr=0x6B detect=0x05 probe=0x05
I (1382) qmi8658: init step: ctrl1 aai
I (1385) qmi8658: init step: ctrl2 acc 4g
I (1389) qmi8658: init step: ctrl3 gyro 512dps
I (1393) qmi8658: init step: ctrl5 lpf
I (1397) qmi8658: init step: ctrl7 enable sensors
I (1401) qmi8658: init step: ctrl6 ae mod off
I (1405) qmi8658: QMI8658 init complete addr=0x6B chip=0x05
I (1984) service_attitude: [ok/0x0000] attitude service ready gyro_bias=(2.632, 27.174, -0.561) dps
W (2001) i2s_platform: i2s controller 0 has been occupied by i2s_driver
I (2017) drivers_audio: [ok/0x0000] audio ready mic(bclk=15 ws=2 din=39 16000Hz 32bit) speaker(bclk=48 ws=38 dout=47 24000Hz 16bit)
I (2025) service_audio: [ok/0x0000] audio policy service ready
I (2029) voice_backend: [ok/0x0000] backend selected vendor=xiaozhi-esp32 integration=component input=16000Hz output=24000Hz
I (2038) service_audio: [audio_policy/0x200B] audio owner=none mic(req=0 en=0) spk(req=0 en=0 mute=0) policy=idle
I (2048) service_voice: [voice_state/0x2005] voice state=idle active=0 previous_active=0
I (2056) service_voice: [ok/0x0000] voice task ready backend=xiaozhi-esp32 integration=component core=1 priority=6
I (2029) service_voice: [ok/0x0000] voice service bootstrap queued task=task_voice core=1 priority=6 queue_len=8
I (2081) service_navigation: [ok/0x0000] navigation service ready service=0xFFF0 nav_char=0xFF01 obd_char=0xFF02 ble_ready=0 core=0 priority=3
I (2349) BLE_INIT: BT controller compile version [b7de11e]
I (2353) BLE_INIT: Using main XTAL as clock source
I (2361) BLE_INIT: Feature Config, ADV:1, BLE_50:1, DTM:1, SCAN:1, CCA:0, SMP:1, CONNECT:1
I (2369) BLE_INIT: Bluetooth MAC: 94:a9:90:0f:d2:a2
I (2373) phy_init: phy_version 711,97bcf0a2,Aug 25 2025,19:04:10
I (2768) NimBLE: GAP procedure initiated: stop advertising.

I (2770) NimBLE: GAP procedure initiated: advertise; 
I (2770) NimBLE: disc_mode=2
I (2770) NimBLE:  adv_channel_map=0 own_addr_type=0 adv_filter_policy=0 adv_itvl_min=0 adv_itvl_max=0
I (2779) NimBLE: 

I (2782) service_ble: [ok/0x0000] ble advertising name=PathFinder Nav service=0xFFF0 nav_char=0xFF01 obd_char=0xFF02
I (2792) service_ble: [ok/0x0000] shared ble service ready name=PathFinder Nav service=0xFFF0 nav_char=0xFF01 obd_char=0xFF02 att_payload=20 nav_budget=20
I (2808) obd_provider: obd adapter profile active=generic_elm327_ble name_filter=OBDII svc=0xFFF0 notify=0xFFF1 write=0xFFF2 write_no_rsp=1
I (2820) obd_provider: vgate candidate profile name_filter=VLINK svc=0x18F0 notify=0x2AF0 write=0x2AF1 write_no_rsp=1
I (2828) obd_provider: obd provider backend selected=service_ble_elm327
I (2840) service_obd: [ok/0x0000] obd service ready provider=service_ble_elm327 core=0 priority=2 timeout=3000ms
E (2952) board_support: board_support_reset_lcd(142): lcd reset low failed
E (2956) drivers_display: drivers_display_init(214): reset LCD failed
E (2960) service_ui: service_ui_init(1379): display stack init failed
ESP_ERROR_CHECK failed: esp_err_t 0x107 (ESP_ERR_TIMEOUT) at 0x4200e63f
file: "./main/app_main.c" line 250
func: app_main
expression: service_ui_init()

abort() was called at PC 0x40383f56 on core 0


Backtrace: 0x40383f95:0x3fcacaf0 0x40383f61:0x3fcacb10 0x40382dcb:0x3fcacb30 0x40383f56:0x3fcacba0 0x4200e63f:0x3fcacbd0 0x42007a92:0x3fcacc30




ELF file SHA256: 186279e1d

Rebooting...
ESP-ROM:esp32s3-20210327
Build:Mar 27 2021
rst:0xc (RTC_SW_CPU_RST),boot:0x8 (SPI_FAST_FLASH_BOOT)
Saved PC:0x40384106
SPIWP:0xee
mode:DIO, clock div:1
load:0x3fce2820,len:0x14f0
load:0x403c8700,len:0xda0
load:0x403cb700,len:0x2f58
entry 0x403c8908
I (24) boot: ESP-IDF v6.0.1 2nd stage bootloader
I (24) boot: compile time Sep 16 2026 16:18:58
I (24) boot: Multicore bootloader
I (24) boot: chip revision: v0.2
I (27) boot: efuse block revision: v1.3
I (31) boot.esp32s3: Boot SPI Speed : 80MHz
I (34) boot.esp32s3: SPI Mode       : DIO
I (38) boot.esp32s3: SPI Flash Size : 16MB
I (42) boot: Enabling RNG early entropy source...
I (47) boot: Partition Table:
I (49) boot: ## Label            Usage          Type ST Offset   Length
I (55) boot:  0 nvs              WiFi data        01 02 00009000 00006000
I (62) boot:  1 phy_init         RF data          01 01 0000f000 00001000
I (68) boot:  2 factory          factory app      00 00 00010000 00100000
I (75) boot: End of partition table
I (78) esp_image: segment 0: paddr=00010020 vaddr=3c090020 size=270f4h (159988) map
I (114) esp_image: segment 1: paddr=0003711c vaddr=3fc99a00 size=04a90h ( 19088) load
I (119) esp_image: segment 2: paddr=0003bbb4 vaddr=40374000 size=04464h ( 17508) load
I (123) esp_image: segment 3: paddr=00040020 vaddr=42000020 size=8a394h (566164) map
I (227) esp_image: segment 4: paddr=000ca3bc vaddr=40378464 size=114c0h ( 70848) load
I (243) esp_image: segment 5: paddr=000db884 vaddr=50000000 size=00024h (    36) load
I (244) esp_image: segment 6: paddr=000db8b0 vaddr=600fe000 size=00058h (    88) load
I (256) boot: Loaded app from partition at offset 0x10000
I (257) boot: Disabling RNG early entropy source...
I (269) octal_psram: vendor id    : 0x0d (AP)
I (269) octal_psram: dev id       : 0x02 (generation 3)
I (269) octal_psram: density      : 0x03 (64 Mbit)
I (271) octal_psram: good-die     : 0x01 (Pass)
I (275) octal_psram: Latency      : 0x01 (Fixed)
I (280) octal_psram: VCC          : 0x01 (3V)
I (284) octal_psram: SRF          : 0x01 (Fast Refresh)
I (289) octal_psram: BurstType    : 0x01 (Hybrid Wrap)
I (294) octal_psram: BurstLen     : 0x01 (32 Byte)
I (298) octal_psram: Readlatency  : 0x02 (10 cycles@Fixed)
I (303) octal_psram: DriveStrength: 0x00 (1/1)
I (308) esp_psram: Found 8MB PSRAM device
I (311) esp_psram: Speed: 40MHz
I (314) cpu_start: Multicore app
I (1048) esp_psram: SPI SRAM memory test OK
I (1056) cpu_start: GPIO 44 and 43 are used as console UART I/O pins
I (1057) cpu_start: Pro cpu start user code
I (1057) cpu_start: cpu freq: 240000000 Hz
I (1059) app_init: Application information:
I (1063) app_init: Project name:     pathfinder_single
I (1068) app_init: App version:      9724359
I (1072) app_init: Compile time:     Sep 16 2026 15:49:51
I (1077) app_init: ELF file SHA256:  186279e1d...
I (1081) app_init: ESP-IDF:          v6.0.1
I (1085) efuse_init: Min chip rev:     v0.0
I (1089) efuse_init: Max chip rev:     v0.99 
I (1093) efuse_init: Chip rev:         v0.2
I (1097) heap_init: Initializing. RAM available for dynamic allocation:
I (1103) heap_init: At 3FCA9160 len 000405B0 (257 KiB): RAM
I (1109) heap_init: At 3FCE9710 len 00005724 (21 KiB): RAM
I (1114) heap_init: At 3FCF0000 len 00008000 (32 KiB): DRAM
I (1119) heap_init: At 600FE058 len 00001F90 (7 KiB): RTCRAM
I (1125) esp_psram: Adding pool of 8192K of PSRAM memory to heap allocator
I (1132) spi_flash: detected chip: winbond
I (1135) spi_flash: flash io: dio
I (1139) sleep_gpio: Configure to isolate all GPIO pins in sleep state
I (1144) sleep_gpio: Enable automatic switching of GPIO sleep configuration
I (1160) main_task: Started on CPU0
I (1163) esp_psram: Reserving pool of 32K of internal memory for DMA/internal allocations
I (1171) main_task: Calling app_main()
I (1176) tca9554: detected IO expander at 0x20 output=0xFF config=0xF8
I (1182) board_support: [ok/0x0000] board pins: i2c(0,10,11) lcd(qspi=46,45,42,41,40 cs=21 te=18 bl=5 rst=EXIO2) touch(int=4,rst=EXIO1) rtc(int=9) imu(int1=EXIO5,int2=EXIO4) mic(ws=2 sck=15 sd=39) speaker(bclk=48 lrc=38 dout=47) sd(sck=14 miso=16 mosi=17 cs=EXIO3) bat_adc=8 boot=0
E (1227) vfs_fat_sdmmc: sdmmc_card_init failed (0x107).
E (1228) vfs_fat_sdmmc: esp_vfs_fat_sdspi_sdcard_init failed (0x107).
W (1229) app_main: [log_init_failed/0x140B] log service skipped: ESP_ERR_TIMEOUT
I (1235) app_main: [ok/0x0000] PathFinder Single starting
I (1240) pcf85063: detected RTC at 0x51 ctrl1=0x00
I (1245) app_main: [ok/0x0000] RTC read valid time 2026-01-01 00:03:36
I (1251) qmi8658: init step: settle
I (1374) qmi8658: init step: detect
I (1374) qmi8658: detected QMI8658 addr=0x6B chip=0x05
I (1374) qmi8658: init step: safe whoami probe timeout=20ms
I (1376) qmi8658: safe WHO_AM_I addr=0x6B detect=0x05 probe=0x05
I (1382) qmi8658: init step: ctrl1 aai
I (1385) qmi8658: init step: ctrl2 acc 4g
I (1389) qmi8658: init step: ctrl3 gyro 512dps
I (1393) qmi8658: init step: ctrl5 lpf
I (1397) qmi8658: init step: ctrl7 enable sensors
I (1401) qmi8658: init step: ctrl6 ae mod off
I (1405) qmi8658: QMI8658 init complete addr=0x6B chip=0x05
I (1984) service_attitude: [ok/0x0000] attitude service ready gyro_bias=(2.587, 24.741, -0.350) dps
W (2001) i2s_platform: i2s controller 0 has been occupied by i2s_driver
I (2017) drivers_audio: [ok/0x0000] audio ready mic(bclk=15 ws=2 din=39 16000Hz 32bit) speaker(bclk=48 ws=38 dout=47 24000Hz 16bit)
I (2025) service_audio: [ok/0x0000] audio policy service ready
I (2029) voice_backend: [ok/0x0000] backend selected vendor=xiaozhi-esp32 integration=component input=16000Hz output=24000Hz
I (2038) service_audio: [audio_policy/0x200B] audio owner=none mic(req=0 en=0) spk(req=0 en=0 mute=0) policy=idle
I (2048) service_voice: [voice_state/0x2005] voice state=idle active=0 previous_active=0
I (2056) service_voice: [ok/0x0000] voice task ready backend=xiaozhi-esp32 integration=component core=1 priority=6
I (2029) service_voice: [ok/0x0000] voice service bootstrap queued task=task_voice core=1 priority=6 queue_len=8
I (2081) service_navigation: [ok/0x0000] navigation service ready service=0xFFF0 nav_char=0xFF01 obd_char=0xFF02 ble_ready=0 core=0 priority=3
I (2349) BLE_INIT: BT controller compile version [b7de11e]
I (2353) BLE_INIT: Using main XTAL as clock source
I (2357) BLE_INIT: Feature Config, ADV:1, BLE_50:1, DTM:1, SCAN:1, CCA:0, SMP:1, CONNECT:1
I (2369) BLE_INIT: Bluetooth MAC: 94:a9:90:0f:d2:a2
I (2373) phy_init: phy_version 711,97bcf0a2,Aug 25 2025,19:04:10
I (2772) NimBLE: GAP procedure initiated: stop advertising.

I (2774) NimBLE: GAP procedure initiated: advertise; 
I (2774) NimBLE: disc_mode=2
I (2774) NimBLE:  adv_channel_map=0 own_addr_type=0 adv_filter_policy=0 adv_itvl_min=0 adv_itvl_max=0
I (2783) NimBLE: 

I (2786) service_ble: [ok/0x0000] ble advertising name=PathFinder Nav service=0xFFF0 nav_char=0xFF01 obd_char=0xFF02
I (2796) service_ble: [ok/0x0000] shared ble service ready name=PathFinder Nav service=0xFFF0 nav_char=0xFF01 obd_char=0xFF02 att_payload=20 nav_budget=20
I (2812) obd_provider: obd adapter profile active=generic_elm327_ble name_filter=OBDII svc=0xFFF0 notify=0xFFF1 write=0xFFF2 write_no_rsp=1
I (2824) obd_provider: vgate candidate profile name_filter=VLINK svc=0x18F0 notify=0x2AF0 write=0x2AF1 write_no_rsp=1
I (2832) obd_provider: obd provider backend selected=service_ble_elm327
I (2844) service_obd: [ok/0x0000] obd service ready provider=service_ble_elm327 core=0 priority=2 timeout=3000ms
E (2956) board_support: board_support_reset_lcd(142): lcd reset low failed
E (2960) drivers_display: drivers_display_init(214): reset LCD failed
E (2964) service_ui: service_ui_init(1379): display stack init failed
ESP_ERROR_CHECK failed: esp_err_t 0x107 (ESP_ERR_TIMEOUT) at 0x4200e63f
file: "./main/app_main.c" line 250
func: app_main
expression: service_ui_init()

abort() was called at PC 0x40383f56 on core 0


Backtrace: 0x40383f95:0x3fcacaf0 0x40383f61:0x3fcacb10 0x40382dcb:0x3fcacb30 0x40383f56:0x3fcacba0 0x4200e63f:0x3fcacbd0 0x42007a92:0x3fcacc30




ELF file SHA256: 186279e1d

Rebooting...
ESP-ROM:esp32s3-20210327
Build:Mar 27 2021
rst:0xc (RTC_SW_CPU_RST),boot:0x8 (SPI_FAST_FLASH_BOOT)
Saved PC:0x40384106
SPIWP:0xee
mode:DIO, clock div:1
load:0x3fce2820,len:0x14f0
load:0x403c8700,len:0xda0
load:0x403cb700,len:0x2f58
entry 0x403c8908
I (24) boot: ESP-IDF v6.0.1 2nd stage bootloader
I (24) boot: compile time Sep 16 2026 16:18:58
I (24) boot: Multicore bootloader
I (25) boot: chip revision: v0.2
I (27) boot: efuse block revision: v1.3
I (31) boot.esp32s3: Boot SPI Speed : 80MHz
I (34) boot.esp32s3: SPI Mode       : DIO
I (38) boot.esp32s3: SPI Flash Size : 16MB
I (42) boot: Enabling RNG early entropy source...
I (47) boot: Partition Table:
I (49) boot: ## Label            Usage          Type ST Offset   Length
I (55) boot:  0 nvs              WiFi data        01 02 00009000 00006000
I (62) boot:  1 phy_init         RF data          01 01 0000f000 00001000
I (68) boot:  2 factory          factory app      00 00 00010000 00100000
I (75) boot: End of partition table
I (78) esp_image: segment 0: paddr=00010020 vaddr=3c090020 size=270f4h (159988) map
I (114) esp_image: segment 1: paddr=0003711c vaddr=3fc99a00 size=04a90h ( 19088) load
I (119) esp_image: segment 2: paddr=0003bbb4 vaddr=40374000 size=04464h ( 17508) load
I (123) esp_image: segment 3: paddr=00040020 vaddr=42000020 size=8a394h (566164) map
I (227) esp_image: segment 4: paddr=000ca3bc vaddr=40378464 size=114c0h ( 70848) load
I (243) esp_image: segment 5: paddr=000db884 vaddr=50000000 size=00024h (    36) load
I (244) esp_image: segment 6: paddr=000db8b0 vaddr=600fe000 size=00058h (    88) load
I (256) boot: Loaded app from partition at offset 0x10000
I (257) boot: Disabling RNG early entropy source...
I (269) octal_psram: vendor id    : 0x0d (AP)
I (269) octal_psram: dev id       : 0x02 (generation 3)
I (269) octal_psram: density      : 0x03 (64 Mbit)
I (271) octal_psram: good-die     : 0x01 (Pass)
I (275) octal_psram: Latency      : 0x01 (Fixed)
I (280) octal_psram: VCC          : 0x01 (3V)
I (284) octal_psram: SRF          : 0x01 (Fast Refresh)
I (289) octal_psram: BurstType    : 0x01 (Hybrid Wrap)
I (294) octal_psram: BurstLen     : 0x01 (32 Byte)
I (298) octal_psram: Readlatency  : 0x02 (10 cycles@Fixed)
I (303) octal_psram: DriveStrength: 0x00 (1/1)
I (308) esp_psram: Found 8MB PSRAM device
I (311) esp_psram: Speed: 40MHz
I (314) cpu_start: Multicore app
I (1048) esp_psram: SPI SRAM memory test OK
I (1056) cpu_start: GPIO 44 and 43 are used as console UART I/O pins
I (1057) cpu_start: Pro cpu start user code
I (1057) cpu_start: cpu freq: 240000000 Hz
I (1059) app_init: Application information:
I (1063) app_init: Project name:     pathfinder_single
I (1068) app_init: App version:      9724359
I (1072) app_init: Compile time:     Sep 16 2026 15:49:51
I (1077) app_init: ELF file SHA256:  186279e1d...
I (1081) app_init: ESP-IDF:          v6.0.1
I (1085) efuse_init: Min chip rev:     v0.0
I (1089) efuse_init: Max chip rev:     v0.99 
I (1093) efuse_init: Chip rev:         v0.2
I (1097) heap_init: Initializing. RAM available for dynamic allocation:
I (1103) heap_init: At 3FCA9160 len 000405B0 (257 KiB): RAM
I (1109) heap_init: At 3FCE9710 len 00005724 (21 KiB): RAM
I (1114) heap_init: At 3FCF0000 len 00008000 (32 KiB): DRAM
I (1119) heap_init: At 600FE058 len 00001F90 (7 KiB): RTCRAM
I (1125) esp_psram: Adding pool of 8192K of PSRAM memory to heap allocator
I (1132) spi_flash: detected chip: winbond
I (1135) spi_flash: flash io: dio
I (1139) sleep_gpio: Configure to isolate all GPIO pins in sleep state
I (1144) sleep_gpio: Enable automatic switching of GPIO sleep configuration
I (1160) main_task: Started on CPU0
I (1163) esp_psram: Reserving pool of 32K of internal memory for DMA/internal allocations
I (1171) main_task: Calling app_main()
I (1176) tca9554: detected IO expander at 0x20 output=0xFF config=0xF8
I (1182) board_support: [ok/0x0000] board pins: i2c(0,10,11) lcd(qspi=46,45,42,41,40 cs=21 te=18 bl=5 rst=EXIO2) touch(int=4,rst=EXIO1) rtc(int=9) imu(int1=EXIO5,int2=EXIO4) mic(ws=2 sck=15 sd=39) speaker(bclk=48 lrc=38 dout=47) sd(sck=14 miso=16 mosi=17 cs=EXIO3) bat_adc=8 boot=0
E (1227) vfs_fat_sdmmc: sdmmc_card_init failed (0x107).
E (1228) vfs_fat_sdmmc: esp_vfs_fat_sdspi_sdcard_init failed (0x107).
W (1229) app_main: [log_init_failed/0x140B] log service skipped: ESP_ERR_TIMEOUT
I (1235) app_main: [ok/0x0000] PathFinder Single starting
I (1240) pcf85063: detected RTC at 0x51 ctrl1=0x00
I (1245) app_main: [ok/0x0000] RTC read valid time 2026-01-01 00:03:39
I (1251) qmi8658: init step: settle
I (1374) qmi8658: init step: detect
I (1374) qmi8658: detected QMI8658 addr=0x6B chip=0x05
I (1374) qmi8658: init step: safe whoami probe timeout=20ms
I (1376) qmi8658: safe WHO_AM_I addr=0x6B detect=0x05 probe=0x05
I (1382) qmi8658: init step: ctrl1 aai
I (1385) qmi8658: init step: ctrl2 acc 4g
I (1389) qmi8658: init step: ctrl3 gyro 512dps
I (1393) qmi8658: init step: ctrl5 lpf
I (1397) qmi8658: init step: ctrl7 enable sensors
I (1401) qmi8658: init step: ctrl6 ae mod off
I (1405) qmi8658: QMI8658 init complete addr=0x6B chip=0x05
I (1984) service_attitude: [ok/0x0000] attitude service ready gyro_bias=(2.360, 25.055, 0.283) dps
W (2001) i2s_platform: i2s controller 0 has been occupied by i2s_driver
I (2017) drivers_audio: [ok/0x0000] audio ready mic(bclk=15 ws=2 din=39 16000Hz 32bit) speaker(bclk=48 ws=38 dout=47 24000Hz 16bit)
I (2025) service_audio: [ok/0x0000] audio policy service ready
I (2029) voice_backend: [ok/0x0000] backend selected vendor=xiaozhi-esp32 integration=component input=16000Hz output=24000Hz
I (2038) service_audio: [audio_policy/0x200B] audio owner=none mic(req=0 en=0) spk(req=0 en=0 mute=0) policy=idle
I (2048) service_voice: [voice_state/0x2005] voice state=idle active=0 previous_active=0
I (2056) service_voice: [ok/0x0000] voice task ready backend=xiaozhi-esp32 integration=component core=1 priority=6
I (2029) service_voice: [ok/0x0000] voice service bootstrap queued task=task_voice core=1 priority=6 queue_len=8
I (2081) service_navigation: [ok/0x0000] navigation service ready service=0xFFF0 nav_char=0xFF01 obd_char=0xFF02 ble_ready=0 core=0 priority=3
I (2349) BLE_INIT: BT controller compile version [b7de11e]
I (2353) BLE_INIT: Using main XTAL as clock source
I (2357) BLE_INIT: Feature Config, ADV:1, BLE_50:1, DTM:1, SCAN:1, CCA:0, SMP:1, CONNECT:1
I (2369) BLE_INIT: Bluetooth MAC: 94:a9:90:0f:d2:a2
I (2373) phy_init: phy_version 711,97bcf0a2,Aug 25 2025,19:04:10
I (2776) NimBLE: GAP procedure initiated: stop advertising.

I (2778) NimBLE: GAP procedure initiated: advertise; 
I (2778) NimBLE: disc_mode=2
I (2778) NimBLE:  adv_channel_map=0 own_addr_type=0 adv_filter_policy=0 adv_itvl_min=0 adv_itvl_max=0
I (2787) NimBLE: 

I (2790) service_ble: [ok/0x0000] ble advertising name=PathFinder Nav service=0xFFF0 nav_char=0xFF01 obd_char=0xFF02
I (2800) service_ble: [ok/0x0000] shared ble service ready name=PathFinder Nav service=0xFFF0 nav_char=0xFF01 obd_char=0xFF02 att_payload=20 nav_budget=20
I (2816) obd_provider: obd adapter profile active=generic_elm327_ble name_filter=OBDII svc=0xFFF0 notify=0xFFF1 write=0xFFF2 write_no_rsp=1
I (2828) obd_provider: vgate candidate profile name_filter=VLINK svc=0x18F0 notify=0x2AF0 write=0x2AF1 write_no_rsp=1
I (2836) obd_provider: obd provider backend selected=service_ble_elm327
I (2848) service_obd: [ok/0x0000] obd service ready provider=service_ble_elm327 core=0 priority=2 timeout=3000ms
E (2960) board_support: board_support_reset_lcd(142): lcd reset low failed
E (2964) drivers_display: drivers_display_init(214): reset LCD failed
E (2968) service_ui: service_ui_init(1379): display stack init failed
ESP_ERROR_CHECK failed: esp_err_t 0x107 (ESP_ERR_TIMEOUT) at 0x4200e63f
file: "./main/app_main.c" line 250
func: app_main
expression: service_ui_init()

abort() was called at PC 0x40383f56 on core 0


Backtrace: 0x40383f95:0x3fcacaf0 0x40383f61:0x3fcacb10 0x40382dcb:0x3fcacb30 0x40383f56:0x3fcacba0 0x4200e63f:0x3fcacbd0 0x42007a92:0x3fcacc30




ELF file SHA256: 186279e1d

Rebooting...
ESP-ROM:esp32s3-20210327
Build:Mar 27 2021
rst:0xc (RTC_SW_CPU_RST),boot:0x8 (SPI_FAST_FLASH_BOOT)
Saved PC:0x40384106
SPIWP:0xee
mode:DIO, clock div:1
load:0x3fce2820,len:0x14f0
load:0x403c8700,len:0xda0
load:0x403cb700,len:0x2f58
entry 0x403c8908
I (24) boot: ESP-IDF v6.0.1 2nd stage bootloader
I (24) boot: compile time Sep 16 2026 16:18:58
I (24) boot: Multicore bootloader
I (24) boot: chip revision: v0.2
I (27) boot: efuse block revision: v1.3
I (31) boot.esp32s3: Boot SPI Speed : 80MHz
I (34) boot.esp32s3: SPI Mode       : DIO
I (38) boot.esp32s3: SPI Flash Size : 16MB
I (42) boot: Enabling RNG early entropy source...
I (47) boot: Partition Table:
I (49) boot: ## Label            Usage          Type ST Offset   Length
I (55) boot:  0 nvs              WiFi data        01 02 00009000 00006000
I (62) boot:  1 phy_init         RF data          01 01 0000f000 00001000
I (68) boot:  2 factory          factory app      00 00 00010000 00100000
I (75) boot: End of partition table
I (78) esp_image: segment 0: paddr=00010020 vaddr=3c090020 size=270f4h (159988) map
I (114) esp_image: segment 1: paddr=0003711c vaddr=3fc99a00 size=04a90h ( 19088) load
I (119) esp_image: segment 2: paddr=0003bbb4 vaddr=40374000 size=04464h ( 17508) load
I (123) esp_image: segment 3: paddr=00040020 vaddr=42000020 size=8a394h (566164) map
I (227) esp_image: segment 4: paddr=000ca3bc vaddr=40378464 size=114c0h ( 70848) load
I (243) esp_image: segment 5: paddr=000db884 vaddr=50000000 size=00024h (    36) load
I (244) esp_image: segment 6: paddr=000db8b0 vaddr=600fe000 size=00058h (    88) load
I (256) boot: Loaded app from partition at offset 0x10000
I (257) boot: Disabling RNG early entropy source...
I (269) octal_psram: vendor id    : 0x0d (AP)
I (269) octal_psram: dev id       : 0x02 (generation 3)
I (269) octal_psram: density      : 0x03 (64 Mbit)
I (271) octal_psram: good-die     : 0x01 (Pass)
I (275) octal_psram: Latency      : 0x01 (Fixed)
I (280) octal_psram: VCC          : 0x01 (3V)
I (284) octal_psram: SRF          : 0x01 (Fast Refresh)
I (289) octal_psram: BurstType    : 0x01 (Hybrid Wrap)
I (294) octal_psram: BurstLen     : 0x01 (32 Byte)
I (298) octal_psram: Readlatency  : 0x02 (10 cycles@Fixed)
I (303) octal_psram: DriveStrength: 0x00 (1/1)
I (308) esp_psram: Found 8MB PSRAM device
I (311) esp_psram: Speed: 40MHz
I (314) cpu_start: Multicore app
I (1048) esp_psram: SPI SRAM memory test OK
I (1056) cpu_start: GPIO 44 and 43 are used as console UART I/O pins
I (1057) cpu_start: Pro cpu start user code
I (1057) cpu_start: cpu freq: 240000000 Hz
I (1059) app_init: Application information:
I (1063) app_init: Project name:     pathfinder_single
I (1068) app_init: App version:      9724359
I (1072) app_init: Compile time:     Sep 16 2026 15:49:51
I (1077) app_init: ELF file SHA256:  186279e1d...
I (1081) app_init: ESP-IDF:          v6.0.1
I (1085) efuse_init: Min chip rev:     v0.0
I (1089) efuse_init: Max chip rev:     v0.99 
I (1093) efuse_init: Chip rev:         v0.2
I (1097) heap_init: Initializing. RAM available for dynamic allocation:
I (1103) heap_init: At 3FCA9160 len 000405B0 (257 KiB): RAM
I (1109) heap_init: At 3FCE9710 len 00005724 (21 KiB): RAM
I (1114) heap_init: At 3FCF0000 len 00008000 (32 KiB): DRAM
I (1119) heap_init: At 600FE058 len 00001F90 (7 KiB): RTCRAM
I (1125) esp_psram: Adding pool of 8192K of PSRAM memory to heap allocator
I (1132) spi_flash: detected chip: winbond
I (1135) spi_flash: flash io: dio
I (1139) sleep_gpio: Configure to isolate all GPIO pins in sleep state
I (1144) sleep_gpio: Enable automatic switching of GPIO sleep configuration
I (1160) main_task: Started on CPU0
I (1163) esp_psram: Reserving pool of 32K of internal memory for DMA/internal allocations
I (1171) main_task: Calling app_main()
I (1176) tca9554: detected IO expander at 0x20 output=0xFF config=0xF8
I (1182) board_support: [ok/0x0000] board pins: i2c(0,10,11) lcd(qspi=46,45,42,41,40 cs=21 te=18 bl=5 rst=EXIO2) touch(int=4,rst=EXIO1) rtc(int=9) imu(int1=EXIO5,int2=EXIO4) mic(ws=2 sck=15 sd=39) speaker(bclk=48 lrc=38 dout=47) sd(sck=14 miso=16 mosi=17 cs=EXIO3) bat_adc=8 boot=0
E (1227) vfs_fat_sdmmc: sdmmc_card_init failed (0x107).
E (1228) vfs_fat_sdmmc: esp_vfs_fat_sdspi_sdcard_init failed (0x107).
W (1229) app_main: [log_init_failed/0x140B] log service skipped: ESP_ERR_TIMEOUT
I (1235) app_main: [ok/0x0000] PathFinder Single starting
I (1240) pcf85063: detected RTC at 0x51 ctrl1=0x00
I (1245) app_main: [ok/0x0000] RTC read valid time 2026-01-01 00:03:42
I (1251) qmi8658: init step: settle
I (1374) qmi8658: init step: detect
I (1374) qmi8658: detected QMI8658 addr=0x6B chip=0x05
I (1374) qmi8658: init step: safe whoami probe timeout=20ms
I (1376) qmi8658: safe WHO_AM_I addr=0x6B detect=0x05 probe=0x05
I (1382) qmi8658: init step: ctrl1 aai
I (1385) qmi8658: init step: ctrl2 acc 4g
I (1389) qmi8658: init step: ctrl3 gyro 512dps
I (1393) qmi8658: init step: ctrl5 lpf
I (1397) qmi8658: init step: ctrl7 enable sensors
I (1401) qmi8658: init step: ctrl6 ae mod off
I (1405) qmi8658: QMI8658 init complete addr=0x6B chip=0x05
I (1984) service_attitude: [ok/0x0000] attitude service ready gyro_bias=(2.739, 24.445, -0.368) dps
W (2001) i2s_platform: i2s controller 0 has been occupied by i2s_driver
I (2017) drivers_audio: [ok/0x0000] audio ready mic(bclk=15 ws=2 din=39 16000Hz 32bit) speaker(bclk=48 ws=38 dout=47 24000Hz 16bit)
I (2025) service_audio: [ok/0x0000] audio policy service ready
I (2029) voice_backend: [ok/0x0000] backend selected vendor=xiaozhi-esp32 integration=component input=16000Hz output=24000Hz
I (2038) service_audio: [audio_policy/0x200B] audio owner=none mic(req=0 en=0) spk(req=0 en=0 mute=0) policy=idle
I (2048) service_voice: [voice_state/0x2005] voice state=idle active=0 previous_active=0
I (2056) service_voice: [ok/0x0000] voice task ready backend=xiaozhi-esp32 integration=component core=1 priority=6
I (2029) service_voice: [ok/0x0000] voice service bootstrap queued task=task_voice core=1 priority=6 queue_len=8
I (2081) service_navigation: [ok/0x0000] navigation service ready service=0xFFF0 nav_char=0xFF01 obd_char=0xFF02 ble_ready=0 core=0 priority=3
I (2349) BLE_INIT: BT controller compile version [b7de11e]
I (2353) BLE_INIT: Using main XTAL as clock source
I (2357) BLE_INIT: Feature Config, ADV:1, BLE_50:1, DTM:1, SCAN:1, CCA:0, SMP:1, CONNECT:1
I (2369) BLE_INIT: Bluetooth MAC: 94:a9:90:0f:d2:a2
I (2373) phy_init: phy_version 711,97bcf0a2,Aug 25 2025,19:04:10
I (2768) NimBLE: GAP procedure initiated: stop advertising.

I (2770) NimBLE: GAP procedure initiated: advertise; 
I (2770) NimBLE: disc_mode=2
I (2770) NimBLE:  adv_channel_map=0 own_addr_type=0 adv_filter_policy=0 adv_itvl_min=0 adv_itvl_max=0
I (2779) NimBLE: 

I (2782) service_ble: [ok/0x0000] ble advertising name=PathFinder Nav service=0xFFF0 nav_char=0xFF01 obd_char=0xFF02
I (2792) service_ble: [ok/0x0000] shared ble service ready name=PathFinder Nav service=0xFFF0 nav_char=0xFF01 obd_char=0xFF02 att_payload=20 nav_budget=20
I (2808) obd_provider: obd adapter profile active=generic_elm327_ble name_filter=OBDII svc=0xFFF0 notify=0xFFF1 write=0xFFF2 write_no_rsp=1
I (2820) obd_provider: vgate candidate profile name_filter=VLINK svc=0x18F0 notify=0x2AF0 write=0x2AF1 write_no_rsp=1
I (2828) obd_provider: obd provider backend selected=service_ble_elm327
I (2840) service_obd: [ok/0x0000] obd service ready provider=service_ble_elm327 core=0 priority=2 timeout=3000ms
E (2952) board_support: board_support_reset_lcd(142): lcd reset low failed
E (2956) drivers_display: drivers_display_init(214): reset LCD failed
E (2960) service_ui: service_ui_init(1379): display stack init failed
ESP_ERROR_CHECK failed: esp_err_t 0x107 (ESP_ERR_TIMEOUT) at 0x4200e63f
file: "./main/app_main.c" line 250
func: app_main
expression: service_ui_init()

abort() was called at PC 0x40383f56 on core 0


Backtrace: 0x40383f95:0x3fcacaf0 0x40383f61:0x3fcacb10 0x40382dcb:0x3fcacb30 0x40383f56:0x3fcacba0 0x4200e63f:0x3fcacbd0 0x42007a92:0x3fcacc30




ELF file SHA256: 186279e1d

Rebooting...
ESP-ROM:esp32s3-20210327
Build:Mar 27 2021
rst:0xc (RTC_SW_CPU_RST),boot:0x8 (SPI_FAST_FLASH_BOOT)
Saved PC:0x40384106
SPIWP:0xee
mode:DIO, clock div:1
load:0x3fce2820,len:0x14f0
load:0x403c8700,len:0xda0
load:0x403cb700,len:0x2f58
entry 0x403c8908
I (24) boot: ESP-IDF v6.0.1 2nd stage bootloader
I (24) boot: compile time Sep 16 2026 16:18:58
I (24) boot: Multicore bootloader
I (24) boot: chip revision: v0.2
I (27) boot: efuse block revision: v1.3
I (31) boot.esp32s3: Boot SPI Speed : 80MHz
I (34) boot.esp32s3: SPI Mode       : DIO
I (38) boot.esp32s3: SPI Flash Size : 16MB
I (42) boot: Enabling RNG early entropy source...
I (47) boot: Partition Table:
I (49) boot: ## Label            Usage          Type ST Offset   Length
I (55) boot:  0 nvs              WiFi data        01 02 00009000 00006000
I (62) boot:  1 phy_init         RF data          01 01 0000f000 00001000
I (68) boot:  2 factory          factory app      00 00 00010000 00100000
I (75) boot: End of partition table
I (78) esp_image: segment 0: paddr=00010020 vaddr=3c090020 size=270f4h (159988) map
I (114) esp_image: segment 1: paddr=0003711c vaddr=3fc99a00 size=04a90h ( 19088) load
I (119) esp_image: segment 2: paddr=0003bbb4 vaddr=40374000 size=04464h ( 17508) load
I (123) esp_image: segment 3: paddr=00040020 vaddr=42000020 size=8a394h (566164) map
I (227) esp_image: segment 4: paddr=000ca3bc vaddr=40378464 size=114c0h ( 70848) load
I (243) esp_image: segment 5: paddr=000db884 vaddr=50000000 size=00024h (    36) load
I (244) esp_image: segment 6: paddr=000db8b0 vaddr=600fe000 size=00058h (    88) load
I (256) boot: Loaded app from partition at offset 0x10000
I (257) boot: Disabling RNG early entropy source...
I (269) octal_psram: vendor id    : 0x0d (AP)
I (269) octal_psram: dev id       : 0x02 (generation 3)
I (269) octal_psram: density      : 0x03 (64 Mbit)
I (271) octal_psram: good-die     : 0x01 (Pass)
I (275) octal_psram: Latency      : 0x01 (Fixed)
I (280) octal_psram: VCC          : 0x01 (3V)
I (284) octal_psram: SRF          : 0x01 (Fast Refresh)
I (289) octal_psram: BurstType    : 0x01 (Hybrid Wrap)
I (294) octal_psram: BurstLen     : 0x01 (32 Byte)
I (298) octal_psram: Readlatency  : 0x02 (10 cycles@Fixed)
I (303) octal_psram: DriveStrength: 0x00 (1/1)
I (308) esp_psram: Found 8MB PSRAM device
I (311) esp_psram: Speed: 40MHz
I (314) cpu_start: Multicore app
I (1048) esp_psram: SPI SRAM memory test OK
I (1056) cpu_start: GPIO 44 and 43 are used as console UART I/O pins
I (1057) cpu_start: Pro cpu start user code
I (1057) cpu_start: cpu freq: 240000000 Hz
I (1059) app_init: Application information:
I (1063) app_init: Project name:     pathfinder_single
I (1068) app_init: App version:      9724359
I (1072) app_init: Compile time:     Sep 16 2026 15:49:51
I (1077) app_init: ELF file SHA256:  186279e1d...
I (1081) app_init: ESP-IDF:          v6.0.1
I (1085) efuse_init: Min chip rev:     v0.0
I (1089) efuse_init: Max chip rev:     v0.99 
I (1093) efuse_init: Chip rev:         v0.2
I (1097) heap_init: Initializing. RAM available for dynamic allocation:
I (1103) heap_init: At 3FCA9160 len 000405B0 (257 KiB): RAM
I (1109) heap_init: At 3FCE9710 len 00005724 (21 KiB): RAM
I (1114) heap_init: At 3FCF0000 len 00008000 (32 KiB): DRAM
I (1119) heap_init: At 600FE058 len 00001F90 (7 KiB): RTCRAM
I (1125) esp_psram: Adding pool of 8192K of PSRAM memory to heap allocator
I (1132) spi_flash: detected chip: winbond
I (1135) spi_flash: flash io: dio
I (1139) sleep_gpio: Configure to isolate all GPIO pins in sleep state
I (1144) sleep_gpio: Enable automatic switching of GPIO sleep configuration
I (1160) main_task: Started on CPU0
I (1163) esp_psram: Reserving pool of 32K of internal memory for DMA/internal allocations
I (1171) main_task: Calling app_main()
I (1176) tca9554: detected IO expander at 0x20 output=0xFF config=0xF8
I (1182) board_support: [ok/0x0000] board pins: i2c(0,10,11) lcd(qspi=46,45,42,41,40 cs=21 te=18 bl=5 rst=EXIO2) touch(int=4,rst=EXIO1) rtc(int=9) imu(int1=EXIO5,int2=EXIO4) mic(ws=2 sck=15 sd=39) speaker(bclk=48 lrc=38 dout=47) sd(sck=14 miso=16 mosi=17 cs=EXIO3) bat_adc=8 boot=0
E (1227) vfs_fat_sdmmc: sdmmc_card_init failed (0x107).
E (1228) vfs_fat_sdmmc: esp_vfs_fat_sdspi_sdcard_init failed (0x107).
W (1229) app_main: [log_init_failed/0x140B] log service skipped: ESP_ERR_TIMEOUT
I (1235) app_main: [ok/0x0000] PathFinder Single starting
I (1240) pcf85063: detected RTC at 0x51 ctrl1=0x00
I (1245) app_main: [ok/0x0000] RTC read valid time 2026-01-01 00:03:45
I (1251) qmi8658: init step: settle
I (1374) qmi8658: init step: detect
I (1374) qmi8658: detected QMI8658 addr=0x6B chip=0x05
I (1374) qmi8658: init step: safe whoami probe timeout=20ms
I (1376) qmi8658: safe WHO_AM_I addr=0x6B detect=0x05 probe=0x05
I (1382) qmi8658: init step: ctrl1 aai
I (1385) qmi8658: init step: ctrl2 acc 4g
I (1389) qmi8658: init step: ctrl3 gyro 512dps
I (1393) qmi8658: init step: ctrl5 lpf
I (1397) qmi8658: init step: ctrl7 enable sensors
I (1401) qmi8658: init step: ctrl6 ae mod off
I (1405) qmi8658: QMI8658 init complete addr=0x6B chip=0x05
I (1984) service_attitude: [ok/0x0000] attitude service ready gyro_bias=(3.574, 27.120, 0.221) dps
W (2001) i2s_platform: i2s controller 0 has been occupied by i2s_driver
I (2017) drivers_audio: [ok/0x0000] audio ready mic(bclk=15 ws=2 din=39 16000Hz 32bit) speaker(bclk=48 ws=38 dout=47 24000Hz 16bit)
I (2029) service_audio: [ok/0x0000] audio policy service ready
I (2029) voice_backend: [ok/0x0000] backend selected vendor=xiaozhi-esp32 integration=component input=16000Hz output=24000Hz
I (2038) service_audio: [audio_policy/0x200B] audio owner=none mic(req=0 en=0) spk(req=0 en=0 mute=0) policy=idle
I (2048) service_voice: [voice_state/0x2005] voice state=idle active=0 previous_active=0
I (2056) service_voice: [ok/0x0000] voice task ready backend=xiaozhi-esp32 integration=component core=1 priority=6
I (2029) service_voice: [ok/0x0000] voice service bootstrap queued task=task_voice core=1 priority=6 queue_len=8
I (2081) service_navigation: [ok/0x0000] navigation service ready service=0xFFF0 nav_char=0xFF01 obd_char=0xFF02 ble_ready=0 core=0 priority=3
I (2349) BLE_INIT: BT controller compile version [b7de11e]
I (2353) BLE_INIT: Using main XTAL as clock source
I (2360) BLE_INIT: Feature Config, ADV:1, BLE_50:1, DTM:1, SCAN:1, CCA:0, SMP:1, CONNECT:1
I (2369) BLE_INIT: Bluetooth MAC: 94:a9:90:0f:d2:a2
I (2373) phy_init: phy_version 711,97bcf0a2,Aug 25 2025,19:04:10
I (2776) NimBLE: GAP procedure initiated: stop advertising.

I (2778) NimBLE: GAP procedure initiated: advertise; 
I (2778) NimBLE: disc_mode=2
I (2778) NimBLE:  adv_channel_map=0 own_addr_type=0 adv_filter_policy=0 adv_itvl_min=0 adv_itvl_max=0
I (2787) NimBLE: 

I (2790) service_ble: [ok/0x0000] ble advertising name=PathFinder Nav service=0xFFF0 nav_char=0xFF01 obd_char=0xFF02
I (2800) service_ble: [ok/0x0000] shared ble service ready name=PathFinder Nav service=0xFFF0 nav_char=0xFF01 obd_char=0xFF02 att_payload=20 nav_budget=20
I (2816) obd_provider: obd adapter profile active=generic_elm327_ble name_filter=OBDII svc=0xFFF0 notify=0xFFF1 write=0xFFF2 write_no_rsp=1
I (2828) obd_provider: vgate candidate profile name_filter=VLINK svc=0x18F0 notify=0x2AF0 write=0x2AF1 write_no_rsp=1
I (2836) obd_provider: obd provider backend selected=service_ble_elm327
I (2848) service_obd: [ok/0x0000] obd service ready provider=service_ble_elm327 core=0 priority=2 timeout=3000ms
E (2960) board_support: board_support_reset_lcd(142): lcd reset low failed
E (2964) drivers_display: drivers_display_init(214): reset LCD failed
E (2964) service_ui: service_ui_init(1379): display stack init failed
ESP_ERROR_CHECK failed: esp_err_t 0x107 (ESP_ERR_TIMEOUT) at 0x4200e63f
file: "./main/app_main.c" line 250
func: app_main
expression: service_ui_init()

abort() was called at PC 0x40383f56 on core 0


Backtrace: 0x40383f95:0x3fcacaf0 0x40383f61:0x3fcacb10 0x40382dcb:0x3fcacb30 0x40383f56:0x3fcacba0 0x4200e63f:0x3fcacbd0 0x42007a92:0x3fcacc30




ELF file SHA256: 186279e1d

Rebooting...
ESP-ROM:esp32s3-20210327
Build:Mar 27 2021
rst:0xc (RTC_SW_CPU_RST),boot:0x8 (SPI_FAST_FLASH_BOOT)
Saved PC:0x40384106
SPIWP:0xee
mode:DIO, clock div:1
load:0x3fce2820,len:0x14f0
load:0x403c8700,len:0xda0
load:0x403cb700,len:0x2f58
entry 0x403c8908
I (24) boot: ESP-IDF v6.0.1 2nd stage bootloader
I (24) boot: compile time Sep 16 2026 16:18:58
I (24) boot: Multicore bootloader
I (24) boot: chip revision: v0.2
I (27) boot: efuse block revision: v1.3
I (31) boot.esp32s3: Boot SPI Speed : 80MHz
I (34) boot.esp32s3: SPI Mode       : DIO
I (38) boot.esp32s3: SPI Flash Size : 16MB
I (42) boot: Enabling RNG early entropy source...
I (47) boot: Partition Table:
I (49) boot: ## Label            Usage          Type ST Offset   Length
I (55) boot:  0 nvs              WiFi data        01 02 00009000 00006000
I (62) boot:  1 phy_init         RF data          01 01 0000f000 00001000
I (68) boot:  2 factory          factory app      00 00 00010000 00100000
I (75) boot: End of partition table
I (78) esp_image: segment 0: paddr=00010020 vaddr=3c090020 size=270f4h (159988) map
I (114) esp_image: segment 1: paddr=0003711c vaddr=3fc99a00 size=04a90h ( 19088) load
I (119) esp_image: segment 2: paddr=0003bbb4 vaddr=40374000 size=04464h ( 17508) load
I (123) esp_image: segment 3: paddr=00040020 vaddr=42000020 size=8a394h (566164) map
I (227) esp_image: segment 4: paddr=000ca3bc vaddr=40378464 size=114c0h ( 70848) load
I (243) esp_image: segment 5: paddr=000db884 vaddr=50000000 size=00024h (    36) load
I (244) esp_image: segment 6: paddr=000db8b0 vaddr=600fe000 size=00058h (    88) load
I (256) boot: Loaded app from partition at offset 0x10000
I (257) boot: Disabling RNG early entropy source...
I (269) octal_psram: vendor id    : 0x0d (AP)
I (269) octal_psram: dev id       : 0x02 (generation 3)
I (269) octal_psram: density      : 0x03 (64 Mbit)
I (271) octal_psram: good-die     : 0x01 (Pass)
I (275) octal_psram: Latency      : 0x01 (Fixed)
I (280) octal_psram: VCC          : 0x01 (3V)
I (284) octal_psram: SRF          : 0x01 (Fast Refresh)
I (289) octal_psram: BurstType    : 0x01 (Hybrid Wrap)
I (294) octal_psram: BurstLen     : 0x01 (32 Byte)
I (298) octal_psram: Readlatency  : 0x02 (10 cycles@Fixed)
I (303) octal_psram: DriveStrength: 0x00 (1/1)
I (308) esp_psram: Found 8MB PSRAM device
I (311) esp_psram: Speed: 40MHz
I (314) cpu_start: Multicore app
I (1048) esp_psram: SPI SRAM memory test OK
I (1056) cpu_start: GPIO 44 and 43 are used as console UART I/O pins
I (1057) cpu_start: Pro cpu start user code
I (1057) cpu_start: cpu freq: 240000000 Hz
I (1059) app_init: Application information:
I (1063) app_init: Project name:     pathfinder_single
I (1068) app_init: App version:      9724359
I (1072) app_init: Compile time:     Sep 16 2026 15:49:51
I (1077) app_init: ELF file SHA256:  186279e1d...
I (1081) app_init: ESP-IDF:          v6.0.1
I (1085) efuse_init: Min chip rev:     v0.0
I (1089) efuse_init: Max chip rev:     v0.99 
I (1093) efuse_init: Chip rev:         v0.2
I (1097) heap_init: Initializing. RAM available for dynamic allocation:
I (1103) heap_init: At 3FCA9160 len 000405B0 (257 KiB): RAM
I (1109) heap_init: At 3FCE9710 len 00005724 (21 KiB): RAM
I (1114) heap_init: At 3FCF0000 len 00008000 (32 KiB): DRAM
I (1119) heap_init: At 600FE058 len 00001F90 (7 KiB): RTCRAM
I (1125) esp_psram: Adding pool of 8192K of PSRAM memory to heap allocator
I (1132) spi_flash: detected chip: winbond
I (1135) spi_flash: flash io: dio
I (1139) sleep_gpio: Configure to isolate all GPIO pins in sleep state
I (1144) sleep_gpio: Enable automatic switching of GPIO sleep configuration
I (1160) main_task: Started on CPU0
I (1163) esp_psram: Reserving pool of 32K of internal memory for DMA/internal allocations
I (1171) main_task: Calling app_main()
I (1176) tca9554: detected IO expander at 0x20 output=0xFF config=0xF8
I (1182) board_support: [ok/0x0000] board pins: i2c(0,10,11) lcd(qspi=46,45,42,41,40 cs=21 te=18 bl=5 rst=EXIO2) touch(int=4,rst=EXIO1) rtc(int=9) imu(int1=EXIO5,int2=EXIO4) mic(ws=2 sck=15 sd=39) speaker(bclk=48 lrc=38 dout=47) sd(sck=14 miso=16 mosi=17 cs=EXIO3) bat_adc=8 boot=0
E (1227) vfs_fat_sdmmc: sdmmc_card_init failed (0x107).
E (1228) vfs_fat_sdmmc: esp_vfs_fat_sdspi_sdcard_init failed (0x107).
W (1229) app_main: [log_init_failed/0x140B] log service skipped: ESP_ERR_TIMEOUT
I (1235) app_main: [ok/0x0000] PathFinder Single starting
I (1240) pcf85063: detected RTC at 0x51 ctrl1=0x00
I (1245) app_main: [ok/0x0000] RTC read valid time 2026-01-01 00:03:48
I (1251) qmi8658: init step: settle
I (1374) qmi8658: init step: detect
I (1374) qmi8658: detected QMI8658 addr=0x6B chip=0x05
I (1374) qmi8658: init step: safe whoami probe timeout=20ms
I (1376) qmi8658: safe WHO_AM_I addr=0x6B detect=0x05 probe=0x05
I (1382) qmi8658: init step: ctrl1 aai
I (1385) qmi8658: init step: ctrl2 acc 4g
I (1389) qmi8658: init step: ctrl3 gyro 512dps
I (1393) qmi8658: init step: ctrl5 lpf
I (1397) qmi8658: init step: ctrl7 enable sensors
I (1401) qmi8658: init step: ctrl6 ae mod off
I (1405) qmi8658: QMI8658 init complete addr=0x6B chip=0x05
I (1984) service_attitude: [ok/0x0000] attitude service ready gyro_bias=(2.182, 25.412, -0.346) dps
W (2001) i2s_platform: i2s controller 0 has been occupied by i2s_driver
I (2017) drivers_audio: [ok/0x0000] audio ready mic(bclk=15 ws=2 din=39 16000Hz 32bit) speaker(bclk=48 ws=38 dout=47 24000Hz 16bit)
I (2025) service_audio: [ok/0x0000] audio policy service ready
I (2029) service_voice: [ok/0x0000] voice service bootstrap queued task=task_voice core=1 priority=6 queue_len=8
I (2029) voice_backend: [ok/0x0000] backend selected vendor=xiaozhi-esp32 integration=component input=16000Hz output=24000Hz
I (2048) service_audio: [audio_policy/0x200B] audio owner=none mic(req=0 en=0) spk(req=0 en=0 mute=0) policy=idle
I (2037) service_navigation: [ok/0x0000] navigation service ready service=0xFFF0 nav_char=0xFF01 obd_char=0xFF02 ble_ready=0 core=0 priority=3
I (2058) service_voice: [voice_state/0x2005] voice state=idle active=0 previous_active=0
I (2079) service_voice: [ok/0x0000] voice task ready backend=xiaozhi-esp32 integration=component core=1 priority=6
I (2094) BLE_INIT: BT controller compile version [b7de11e]
I (2094) BLE_INIT: Using main XTAL as clock source
I (2098) BLE_INIT: Feature Config, ADV:1, BLE_50:1, DTM:1, SCAN:1, CCA:0, SMP:1, CONNECT:1
I (2107) BLE_INIT: Bluetooth MAC: 94:a9:90:0f:d2:a2
I (2115) phy_init: phy_version 711,97bcf0a2,Aug 25 2025,19:04:10
I (2518) NimBLE: GAP procedure initiated: stop advertising.

I (2520) NimBLE: GAP procedure initiated: advertise; 
I (2520) NimBLE: disc_mode=2
I (2521) NimBLE:  adv_channel_map=0 own_addr_type=0 adv_filter_policy=0 adv_itvl_min=0 adv_itvl_max=0
I (2529) NimBLE: 

I (2532) service_ble: [ok/0x0000] ble advertising name=PathFinder Nav service=0xFFF0 nav_char=0xFF01 obd_char=0xFF02
I (2542) service_ble: [ok/0x0000] shared ble service ready name=PathFinder Nav service=0xFFF0 nav_char=0xFF01 obd_char=0xFF02 att_payload=20 nav_budget=20
I (2558) obd_provider: obd adapter profile active=generic_elm327_ble name_filter=OBDII svc=0xFFF0 notify=0xFFF1 write=0xFFF2 write_no_rsp=1
I (2570) obd_provider: vgate candidate profile name_filter=VLINK svc=0x18F0 notify=0x2AF0 write=0x2AF1 write_no_rsp=1
I (2578) obd_provider: obd provider backend selected=service_ble_elm327
I (2590) service_obd: [ok/0x0000] obd service ready provider=service_ble_elm327 core=0 priority=2 timeout=3000ms
E (2702) board_support: board_support_reset_lcd(142): lcd reset low failed
E (2706) drivers_display: drivers_display_init(214): reset LCD failed
E (2710) service_ui: service_ui_init(1379): display stack init failed
ESP_ERROR_CHECK failed: esp_err_t 0x107 (ESP_ERR_TIMEOUT) at 0x4200e63f
file: "./main/app_main.c" line 250
func: app_main
expression: service_ui_init()

abort() was called at PC 0x40383f56 on core 0


Backtrace: 0x40383f95:0x3fcacaf0 0x40383f61:0x3fcacb10 0x40382dcb:0x3fcacb30 0x40383f56:0x3fcacba0 0x4200e63f:0x3fcacbd0 0x42007a92:0x3fcacc30




ELF file SHA256: 186279e1d

Rebooting...
ESP-ROM:esp32s3-20210327
Build:Mar 27 2021
rst:0xc (RTC_SW_CPU_RST),boot:0x8 (SPI_FAST_FLASH_BOOT)
Saved PC:0x40384106
SPIWP:0xee
mode:DIO, clock div:1
load:0x3fce2820,len:0x14f0
load:0x403c8700,len:0xda0
load:0x403cb700,len:0x2f58
entry 0x403c8908
I (24) boot: ESP-IDF v6.0.1 2nd stage bootloader
I (24) boot: compile time Sep 16 2026 16:18:58
I (24) boot: Multicore bootloader
I (24) boot: chip revision: v0.2
I (27) boot: efuse block revision: v1.3
I (31) boot.esp32s3: Boot SPI Speed : 80MHz
I (34) boot.esp32s3: SPI Mode       : DIO
I (38) boot.esp32s3: SPI Flash Size : 16MB
I (42) boot: Enabling RNG early entropy source...
I (47) boot: Partition Table:
I (49) boot: ## Label            Usage          Type ST Offset   Length
I (55) boot:  0 nvs              WiFi data        01 02 00009000 00006000
I (62) boot:  1 phy_init         RF data          01 01 0000f000 00001000
I (68) boot:  2 factory          factory app      00 00 00010000 00100000
I (75) boot: End of partition table
I (78) esp_image: segment 0: paddr=00010020 vaddr=3c090020 size=270f4h (159988) map
I (114) esp_image: segment 1: paddr=0003711c vaddr=3fc99a00 size=04a90h ( 19088) load
I (119) esp_image: segment 2: paddr=0003bbb4 vaddr=40374000 size=04464h ( 17508) load
I (123) esp_image: segment 3: paddr=00040020 vaddr=42000020 size=8a394h (566164) map
I (227) esp_image: segment 4: paddr=000ca3bc vaddr=40378464 size=114c0h ( 70848) load
I (243) esp_image: segment 5: paddr=000db884 vaddr=50000000 size=00024h (    36) load
I (244) esp_image: segment 6: paddr=000db8b0 vaddr=600fe000 size=00058h (    88) load
I (256) boot: Loaded app from partition at offset 0x10000
I (257) boot: Disabling RNG early entropy source...
I (269) octal_psram: vendor id    : 0x0d (AP)
I (269) octal_psram: dev id       : 0x02 (generation 3)
I (269) octal_psram: density      : 0x03 (64 Mbit)
I (271) octal_psram: good-die     : 0x01 (Pass)
I (275) octal_psram: Latency      : 0x01 (Fixed)
I (280) octal_psram: VCC          : 0x01 (3V)
I (284) octal_psram: SRF          : 0x01 (Fast Refresh)
I (289) octal_psram: BurstType    : 0x01 (Hybrid Wrap)
I (294) octal_psram: BurstLen     : 0x01 (32 Byte)
I (298) octal_psram: Readlatency  : 0x02 (10 cycles@Fixed)
I (303) octal_psram: DriveStrength: 0x00 (1/1)
I (308) esp_psram: Found 8MB PSRAM device
I (311) esp_psram: Speed: 40MHz
I (314) cpu_start: Multicore app
I (1048) esp_psram: SPI SRAM memory test OK
I (1056) cpu_start: GPIO 44 and 43 are used as console UART I/O pins
I (1057) cpu_start: Pro cpu start user code
I (1057) cpu_start: cpu freq: 240000000 Hz
I (1059) app_init: Application information:
I (1063) app_init: Project name:     pathfinder_single
I (1068) app_init: App version:      9724359
I (1072) app_init: Compile time:     Sep 16 2026 15:49:51
I (1077) app_init: ELF file SHA256:  186279e1d...
I (1081) app_init: ESP-IDF:          v6.0.1
I (1085) efuse_init: Min chip rev:     v0.0
I (1089) efuse_init: Max chip rev:     v0.99 
I (1093) efuse_init: Chip rev:         v0.2
I (1097) heap_init: Initializing. RAM available for dynamic allocation:
I (1103) heap_init: At 3FCA9160 len 000405B0 (257 KiB): RAM
I (1109) heap_init: At 3FCE9710 len 00005724 (21 KiB): RAM
I (1114) heap_init: At 3FCF0000 len 00008000 (32 KiB): DRAM
I (1119) heap_init: At 600FE058 len 00001F90 (7 KiB): RTCRAM
I (1125) esp_psram: Adding pool of 8192K of PSRAM memory to heap allocator
I (1132) spi_flash: detected chip: winbond
I (1135) spi_flash: flash io: dio
I (1139) sleep_gpio: Configure to isolate all GPIO pins in sleep state
I (1144) sleep_gpio: Enable automatic switching of GPIO sleep configuration
I (1160) main_task: Started on CPU0
I (1163) esp_psram: Reserving pool of 32K of internal memory for DMA/internal allocations
I (1171) main_task: Calling app_main()
I (1176) tca9554: detected IO expander at 0x20 output=0xFF config=0xF8
I (1181) board_support: [ok/0x0000] board pins: i2c(0,10,11) lcd(qspi=46,45,42,41,40 cs=21 te=18 bl=5 rst=EXIO2) touch(int=4,rst=EXIO1) rtc(int=9) imu(int1=EXIO5,int2=EXIO4) mic(ws=2 sck=15 sd=39) speaker(bclk=48 lrc=38 dout=47) sd(sck=14 miso=16 mosi=17 cs=EXIO3) bat_adc=8 boot=0
E (1227) vfs_fat_sdmmc: sdmmc_card_init failed (0x107).
E (1228) vfs_fat_sdmmc: esp_vfs_fat_sdspi_sdcard_init failed (0x107).
W (1229) app_main: [log_init_failed/0x140B] log service skipped: ESP_ERR_TIMEOUT
I (1235) app_main: [ok/0x0000] PathFinder Single starting
I (1240) pcf85063: detected RTC at 0x51 ctrl1=0x00
I (1245) app_main: [ok/0x0000] RTC read valid time 2026-01-01 00:03:51
I (1251) qmi8658: init step: settle
I (1374) qmi8658: init step: detect
I (1374) qmi8658: detected QMI8658 addr=0x6B chip=0x05
I (1374) qmi8658: init step: safe whoami probe timeout=20ms
I (1376) qmi8658: safe WHO_AM_I addr=0x6B detect=0x05 probe=0x05
I (1382) qmi8658: init step: ctrl1 aai
I (1385) qmi8658: init step: ctrl2 acc 4g
I (1389) qmi8658: init step: ctrl3 gyro 512dps
I (1393) qmi8658: init step: ctrl5 lpf
I (1397) qmi8658: init step: ctrl7 enable sensors
I (1401) qmi8658: init step: ctrl6 ae mod off
I (1405) qmi8658: QMI8658 init complete addr=0x6B chip=0x05
I (1984) service_attitude: [ok/0x0000] attitude service ready gyro_bias=(2.022, 25.465, -0.159) dps
W (2005) i2s_platform: i2s controller 0 has been occupied by i2s_driver
I (2017) drivers_audio: [ok/0x0000] audio ready mic(bclk=15 ws=2 din=39 16000Hz 32bit) speaker(bclk=48 ws=38 dout=47 24000Hz 16bit)
I (2029) service_audio: [ok/0x0000] audio policy service ready
I (2029) service_voice: [ok/0x0000] voice service bootstrap queued task=task_voice core=1 priority=6 queue_len=8
I (2029) voice_backend: [ok/0x0000] backend selected vendor=xiaozhi-esp32 integration=component input=16000Hz output=24000Hz
I (2048) service_audio: [audio_policy/0x200B] audio owner=none mic(req=0 en=0) spk(req=0 en=0 mute=0) policy=idle
I (2037) service_navigation: [ok/0x0000] navigation service ready service=0xFFF0 nav_char=0xFF01 obd_char=0xFF02 ble_ready=0 core=0 priority=3
I (2058) service_voice: [voice_state/0x2005] voice state=idle active=0 previous_active=0
I (2079) service_voice: [ok/0x0000] voice task ready backend=xiaozhi-esp32 integration=component core=1 priority=6
I (2094) BLE_INIT: BT controller compile version [b7de11e]
I (2094) BLE_INIT: Using main XTAL as clock source
I (2098) BLE_INIT: Feature Config, ADV:1, BLE_50:1, DTM:1, SCAN:1, CCA:0, SMP:1, CONNECT:1
I (2107) BLE_INIT: Bluetooth MAC: 94:a9:90:0f:d2:a2
I (2115) phy_init: phy_version 711,97bcf0a2,Aug 25 2025,19:04:10
I (2510) NimBLE: GAP procedure initiated: stop advertising.

I (2512) NimBLE: GAP procedure initiated: advertise; 
I (2512) NimBLE: disc_mode=2
I (2513) NimBLE:  adv_channel_map=0 own_addr_type=0 adv_filter_policy=0 adv_itvl_min=0 adv_itvl_max=0
I (2521) NimBLE: 

I (2524) service_ble: [ok/0x0000] ble advertising name=PathFinder Nav service=0xFFF0 nav_char=0xFF01 obd_char=0xFF02
I (2534) service_ble: [ok/0x0000] shared ble service ready name=PathFinder Nav service=0xFFF0 nav_char=0xFF01 obd_char=0xFF02 att_payload=20 nav_budget=20
I (2550) obd_provider: obd adapter profile active=generic_elm327_ble name_filter=OBDII svc=0xFFF0 notify=0xFFF1 write=0xFFF2 write_no_rsp=1
I (2562) obd_provider: vgate candidate profile name_filter=VLINK svc=0x18F0 notify=0x2AF0 write=0x2AF1 write_no_rsp=1
I (2570) obd_provider: obd provider backend selected=service_ble_elm327
I (2582) service_obd: [ok/0x0000] obd service ready provider=service_ble_elm327 core=0 priority=2 timeout=3000ms
E (2694) board_support: board_support_reset_lcd(142): lcd reset low failed
E (2698) drivers_display: drivers_display_init(214): reset LCD failed
E (2702) service_ui: service_ui_init(1379): display stack init failed
ESP_ERROR_CHECK failed: esp_err_t 0x107 (ESP_ERR_TIMEOUT) at 0x4200e63f
file: "./main/app_main.c" line 250
func: app_main
expression: service_ui_init()

abort() was called at PC 0x40383f56 on core 0


Backtrace: 0x40383f95:0x3fcacaf0 0x40383f61:0x3fcacb10 0x40382dcb:0x3fcacb30 0x40383f56:0x3fcacba0 0x4200e63f:0x3fcacbd0 0x42007a92:0x3fcacc30




ELF file SHA256: 186279e1d

Rebooting...
ESP-ROM:esp32s3-20210327
Build:Mar 27 2021
rst:0xc (RTC_SW_CPU_RST),boot:0x8 (SPI_FAST_FLASH_BOOT)
Saved PC:0x40384106
SPIWP:0xee
mode:DIO, clock div:1
load:0x3fce2820,len:0x14f0
load:0x403c8700,len:0xda0
load:0x403cb700,len:0x2f58
entry 0x403c8908
I (24) boot: ESP-IDF v6.0.1 2nd stage bootloader
I (24) boot: compile time Sep 16 2026 16:18:58
I (24) boot: Multicore bootloader
I (25) boot: chip revision: v0.2
I (27) boot: efuse block revision: v1.3
I (31) boot.esp32s3: Boot SPI Speed : 80MHz
I (34) boot.esp32s3: SPI Mode       : DIO
I (38) boot.esp32s3: SPI Flash Size : 16MB
I (42) boot: Enabling RNG early entropy source...
I (47) boot: Partition Table:
I (49) boot: ## Label            Usage          Type ST Offset   Length
I (55) boot:  0 nvs              WiFi data        01 02 00009000 00006000
I (62) boot:  1 phy_init         RF data          01 01 0000f000 00001000
I (68) boot:  2 factory          factory app      00 00 00010000 00100000
I (75) boot: End of partition table
I (78) esp_image: segment 0: paddr=00010020 vaddr=3c090020 size=270f4h (159988) map
I (114) esp_image: segment 1: paddr=0003711c vaddr=3fc99a00 size=04a90h ( 19088) load
I (119) esp_image: segment 2: paddr=0003bbb4 vaddr=40374000 size=04464h ( 17508) load
I (123) esp_image: segment 3: paddr=00040020 vaddr=42000020 size=8a394h (566164) map
I (227) esp_image: segment 4: paddr=000ca3bc vaddr=40378464 size=114c0h ( 70848) load
I (243) esp_image: segment 5: paddr=000db884 vaddr=50000000 size=00024h (    36) load
I (244) esp_image: segment 6: paddr=000db8b0 vaddr=600fe000 size=00058h (    88) load
I (256) boot: Loaded app from partition at offset 0x10000
I (257) boot: Disabling RNG early entropy source...
I (269) octal_psram: vendor id    : 0x0d (AP)
I (269) octal_psram: dev id       : 0x02 (generation 3)
I (269) octal_psram: density      : 0x03 (64 Mbit)
I (271) octal_psram: good-die     : 0x01 (Pass)
I (275) octal_psram: Latency      : 0x01 (Fixed)
I (280) octal_psram: VCC          : 0x01 (3V)
I (284) octal_psram: SRF          : 0x01 (Fast Refresh)
I (289) octal_psram: BurstType    : 0x01 (Hybrid Wrap)
I (294) octal_psram: BurstLen     : 0x01 (32 Byte)
I (298) octal_psram: Readlatency  : 0x02 (10 cycles@Fixed)
I (303) octal_psram: DriveStrength: 0x00 (1/1)
I (308) esp_psram: Found 8MB PSRAM device
I (311) esp_psram: Speed: 40MHz
I (314) cpu_start: Multicore app
