I (115) esp_image: segment 1: paddr=0003723c vaddr=3fc99a00 sizeESP-ROM:esp32s3-20210327
Build:Mar 27 2021
rst:0x15 (USB_UART_CHIP_RESET),boot:0x8 (SPI_FAST_FLASH_BOOT)
Saved PC:0x403847c6
SPIWP:0xee
mode:DIO, clock div:1
load:0x3fce2820,len:0x14f0
load:0x403c8700,len:0xda0
load:0x403cb700,len:0x2f58
entry 0x403c8908
I (24) boot: ESP-IDF v6.0.1 2nd stage bootloader
I (24) boot: compile time Sep 16 2026 16:18:58
I (25) boot: Multicore bootloader
I (25) boot: chip revision: v0.2
I (27) boot: efuse block revision: v1.3
I (31) boot.esp32s3: Boot SPI Speed : 80MHz
I (35) boot.esp32s3: SPI Mode       : DIO
I (39) boot.esp32s3: SPI Flash Size : 16MB
I (43) boot: Enabling RNG early entropy source...
I (47) boot: Partition Table:
I (50) boot: ## Label            Usage          Type ST Offset   Length
I (56) boot:  0 nvs              WiFi data        01 02 00009000 00006000
I (62) boot:  1 phy_init         RF data          01 01 0000f000 00001000
I (69) boot:  2 factory          factory app      00 00 00010000 00100000
I (76) boot: End of partition table
I (79) esp_image: segment 0: paddr=00010020 vaddr=3c090020 size=27214h (160276) map
I (115) esp_image: segment 1: paddr=0003723c vaddr=3fc99a00 size=04a90h ( 19088) load
I (119) esp_image: segment 2: paddr=0003bcd4 vaddr=40374000 size=04344h ( 17220) load
I (124) esp_image: segment 3: paddr=00040020 vaddr=42000020 size=8a5bch (566716) map
I (228) esp_image: segment 4: paddr=000ca5e4 vaddr=40378344 size=115e0h ( 71136) load
I (244) esp_image: segment 5: paddr=000dbbcc vaddr=50000000 size=00024h (    36) load
I (245) esp_image: segment 6: paddr=000dbbf8 vaddr=600fe000 size=00058h (    88) load
I (257) boot: Loaded app from partition at offset 0x10000
I (257) boot: Disabling RNG early entropy source...
I (270) octal_psram: vendor id    : 0x0d (AP)
I (270) octal_psram: dev id       : 0x02 (generation 3)
I (270) octal_psram: density      : 0x03 (64 Mbit)
I (272) octal_psram: good-die     : 0x01 (Pass)
I (276) octal_psram: Latency      : 0x01 (Fixed)
I (280) octal_psram: VCC          : 0x01 (3V)
I (285) octal_psram: SRF          : 0x01 (Fast Refresh)
I (289) octal_psram: BurstType    : 0x01 (Hybrid Wrap)
I (294) octal_psram: BurstLen     : 0x01 (32 Byte)
I (299) octal_psram: Readlatency  : 0x02 (10 cycles@Fixed)
I (304) octal_psram: DriveStrength: 0x00 (1/1)
I (308) esp_psram: Found 8MB PSRAM device
I (312) esp_psram: Speed: 40MHz
I (315) cpu_start: Multicore app
I (1049) esp_psram: SPI SRAM memory test OK
I (1057) cpu_start: GPIO 44 and 43 are used as console UART I/O pins
I (1058) cpu_start: Pro cpu start user code
I (1058) cpu_start: cpu freq: 240000000 Hz
I (1060) app_init: Application information:
I (1063) app_init: Project name:     pathfinder_single
I (1068) app_init: App version:      5a0129f-dirty
I (1073) app_init: Compile time:     Sep 17 2026 09:37:31
I (1078) app_init: ELF file SHA256:  b8349510a...
I (1082) app_init: ESP-IDF:          v6.0.1
I (1086) efuse_init: Min chip rev:     v0.0
I (1090) efuse_init: Max chip rev:     v0.99 
I (1094) efuse_init: Chip rev:         v0.2
I (1098) heap_init: Initializing. RAM available for dynamic allocation:
I (1105) heap_init: At 3FCA9170 len 000405A0 (257 KiB): RAM
I (1110) heap_init: At 3FCE9710 len 00005724 (21 KiB): RAM
I (1115) heap_init: At 3FCF0000 len 00008000 (32 KiB): DRAM
I (1120) heap_init: At 600FE058 len 00001F90 (7 KiB): RTCRAM
I (1126) esp_psram: Adding pool of 8192K of PSRAM memory to heap allocator
I (1133) spi_flash: detected chip: winbond
I (1136) spi_flash: flash io: dio
I (1140) sleep_gpio: Configure to isolate all GPIO pins in sleep state
I (1146) sleep_gpio: Enable automatic switching of GPIO sleep configuration
I (1161) main_task: Started on CPU0
I (1164) esp_psram: Reserving pool of 32K of internal memory for DMA/internal allocations
I (1172) main_task: Calling app_main()
I (1177) tca9554: detected IO expander at 0x20 output=0xFF config=0xF8
I (1182) board_support: [ok/0x0000] board pins: i2c(0,10,11) lcd(qspi=46,45,42,41,40 cs=21 te=18 bl=5 rst=EXIO2) touch(int=4,rst=EXIO1) rtc(int=9) imu(int1=EXIO5,int2=EXIO4) mic(ws=2 sck=15 sd=39) speaker(bclk=48 lrc=38 dout=47) sd(sck=14 miso=16 mosi=17 cs=EXIO3) bat_adc=8 boot=0
E (1228) vfs_fat_sdmmc: sdmmc_card_init failed (0x107).
E (1229) vfs_fat_sdmmc: esp_vfs_fat_sdspi_sdcard_init failed (0x107).
W (1230) app_main: [log_init_failed/0x140B] log service skipped: ESP_ERR_TIMEOUT
I (1236) app_main: [ok/0x0000] PathFinder Single starting
I (1241) pcf85063: detected RTC at 0x51 ctrl1=0x01
I (1246) app_main: [ok/0x0000] RTC read valid time 2026-01-01 11:03:07
I (1252) qmi8658: init step: settle
I (1375) qmi8658: init step: detect
I (1375) qmi8658: detected QMI8658 addr=0x6B chip=0x05
I (1375) qmi8658: init step: safe whoami probe timeout=20ms
I (1377) qmi8658: safe WHO_AM_I addr=0x6B detect=0x05 probe=0x05
I (1383) qmi8658: init step: ctrl1 aai
I (1386) qmi8658: init step: ctrl2 acc 4g
I (1390) qmi8658: init step: ctrl3 gyro 512dps
I (1394) qmi8658: init step: ctrl5 lpf
I (1398) qmi8658: init step: ctrl7 enable sensors
I (1402) qmi8658: init step: ctrl6 ae mod off
I (1406) qmi8658: QMI8658 init complete addr=0x6B chip=0x05
I (1985) service_attitude: [ok/0x0000] attitude service ready gyro_bias=(4.546, 23.874, -0.214) dps
W (1987) i2s_platform: i2s controller 0 has been occupied by i2s_driver
I (1991) drivers_audio: [ok/0x0000] audio ready mic(bclk=15 ws=2 din=39 16000Hz 32bit) speaker(bclk=48 ws=38 dout=47 24000Hz 16bit)
I (2002) service_audio: [ok/0x0000] audio policy service ready
I (2007) service_voice: [ok/0x0000] voice service bootstrap queued task=task_voice core=1 priority=6 queue_len=8
I (2007) voice_backend: [ok/0x0000] backend selected vendor=xiaozhi-esp32 integration=component input=16000Hz output=24000Hz
I (2018) service_navigation: [ok/0x0000] navigation service ready service=0xFFF0 nav_char=0xFF01 obd_char=0xFF02 ble_ready=0 core=0 priority=3
I (2028) service_audio: [audio_policy/0x200B] audio owner=none mic(req=0 en=0) spk(req=0 en=0 mute=0) policy=idle
I (2052) service_voice: [voice_state/0x2005] voice state=idle active=0 previous_active=0
I (2059) service_voice: [ok/0x0000] voice task ready backend=xiaozhi-esp32 integration=component core=1 priority=6
I (2064) BLE_INIT: BT controller compile version [b7de11e]
I (2074) BLE_INIT: Using main XTAL as clock source
I (2079) BLE_INIT: Feature Config, ADV:1, BLE_50:1, DTM:1, SCAN:1, CCA:0, SMP:1, CONNECT:1
I (2087) BLE_INIT: Bluetooth MAC: 94:a9:90:0f:d2:a2
I (2092) phy_init: phy_version 711,97bcf0a2,Aug 25 2025,19:04:10
I (2179) NimBLE: GAP procedure initiated: stop advertising.

I (2181) NimBLE: GAP procedure initiated: advertise; 
I (2181) NimBLE: disc_mode=2
I (2181) NimBLE:  adv_channel_map=0 own_addr_type=0 adv_filter_policy=0 adv_itvl_min=0 adv_itvl_max=0
I (2190) NimBLE: 

I (2192) service_ble: [ok/0x0000] ble advertising name=PathFinder Nav service=0xFFF0 nav_char=0xFF01 obd_char=0xFF02
I (2202) service_ble: [ok/0x0000] shared ble service ready name=PathFinder Nav service=0xFFF0 nav_char=0xFF01 obd_char=0xFF02 att_payload=20 nav_budget=20
I (2216) obd_provider: obd adapter profile active=generic_elm327_ble name_filter=OBDII svc=0xFFF0 notify=0xFFF1 write=0xFFF2 write_no_rsp=1
I (2227) obd_provider: vgate candidate profile name_filter=VLINK svc=0x18F0 notify=0x2AF0 write=0x2AF1 write_no_rsp=1
I (2239) obd_provider: obd provider backend selected=service_ble_elm327
I (2244) service_obd: [ok/0x0000] obd service ready provider=service_ble_elm327 core=0 priority=2 timeout=3000ms
I (2504) spd2010: LCD panel create success, version: 2.0.0
I (2697) SPD2010: Touch panel create success, version: 2.0.1
I (2699) drivers_display: touch int level after pull-up restore=0
I (2700) LVGL: Starting LVGL task
E (2708) spd2010: swap_xy is not supported by this panel
I (2708) drivers_display: [ok/0x0000] LCD and LVGL ready touch=enabled
I (2785) service_ui: [ok/0x0000] UI service initialized with LVGL
I (2791) drivers_power: [ok/0x0000] battery adc ready gpio=8 channel=7 calibrated=1
I (2792) service_power: [ok/0x0000] power service ready dim=1800000ms sleep_ready=3600000ms core=0 priority=1
I (2799) main_task: Returned from app_main()
I (2801) app_main: [ok/0x0000] heartbeat | page=system ui_ready=1 voice=0 nav=0 obd=0 bat=100%/0mV audio=none idle=1617ms backlight=1 rtc_valid=1
E (2873) lcd_panel.io.i2c: panel_io_i2c_tx_buffer(193): i2c transaction failed
E (2873) SPD2010: write_tp_cpu_start_cmd(275): Tx failed
E (2874) SPD2010: tp_read_data(448): Write cpu start cmd failed
E (2880) SPD2010: read_data(160): read data failed
I (4259) NimBLE: GAP procedure initiated: discovery; 
I (4260) NimBLE: own_addr_type=0 filter_policy=0 passive=0 limited=0 filter_duplicates=1 
I (4261) NimBLE: duration=forever
I (4264) NimBLE: 

I (4268) service_ble_cli: [ok/0x0000] ble client scanning name_filter=OBDII svc=0xFFF0 notify=0xFFF1 write=0xFFF2
I (7816) app_main: [ok/0x0000] heartbeat | page=system ui_ready=1 voice=0 nav=0 obd=0 bat=100%/4210mV audio=none idle=6617ms backlight=1 rtc_valid=1
I (8171) service_ui: [touch_event/0x2002] touch down x=253 y=251 strength=183 irq=1
I (8326) service_ui: [touch_event/0x2002] touch up start=(253,251) end=(92,272) dx=-161 dy=21
I (8327) app_state: [page_changed/0x2001] page resolved system -> attitude selected=attitude override=none
I (8969) service_ui: [touch_event/0x2002] touch down x=43 y=261 strength=148 irq=1
I (9030) service_ui: [touch_event/0x2002] touch up start=(43,261) end=(50,260) dx=7 dy=-1
I (9090) service_ui: [touch_event/0x2002] touch down x=265 y=267 strength=60 irq=1
I (9113) service_ui: [touch_event/0x2002] touch up start=(265,267) end=(265,267) dx=0 dy=0
I (9769) service_ui: [touch_event/0x2002] touch down x=386 y=231 strength=155 irq=1
I (9959) service_ui: [touch_event/0x2002] touch up start=(386,231) end=(171,211) dx=-215 dy=-20
I (9959) app_state: [page_changed/0x2001] page resolved attitude -> compass selected=compass override=none
I (10430) service_ui: [touch_event/0x2002] touch down x=315 y=242 strength=157 irq=1
I (10515) service_ui: [touch_event/0x2002] touch up start=(315,242) end=(309,241) dx=-6 dy=-1
I (10542) service_ui: [touch_event/0x2002] touch down x=247 y=237 strength=163 irq=1
I (10569) service_ui: [touch_event/0x2002] touch up start=(247,237) end=(247,237) dx=0 dy=0
I (10604) service_ui: [touch_event/0x2002] touch down x=136 y=237 strength=156 irq=1
I (10656) service_ui: [touch_event/0x2002] touch up start=(136,237) end=(110,237) dx=-26 dy=0
I (11164) service_ui: [touch_event/0x2002] touch down x=322 y=251 strength=168 irq=1
I (11191) drivers_display: touch health reads=128 ok=127 fail=1 pressed=22 int=1
I (11246) service_ui: [touch_event/0x2002] touch up start=(322,251) end=(191,246) dx=-131 dy=-5
I (11247) app_state: [page_changed/0x2001] page resolved compass -> navigation selected=navigation override=none
I (12012) service_ui: [touch_event/0x2002] touch down x=368 y=277 strength=148 irq=1
I (12033) service_ui: [touch_event/0x2002] touch up start=(368,277) end=(368,277) dx=0 dy=0
I (12060) service_ui: [touch_event/0x2002] touch down x=315 y=272 strength=157 irq=1
I (12221) service_ui: [touch_event/0x2002] touch up start=(315,272) end=(73,282) dx=-242 dy=10
I (12221) app_state: [page_changed/0x2001] page resolved navigation -> obd selected=obd override=none
I (12717) service_ui: [touch_event/0x2002] touch down x=322 y=252 strength=161 irq=1
I (12821) app_main: [ok/0x0000] heartbeat | page=obd ui_ready=1 voice=0 nav=0 obd=0 bat=100%/4210mV audio=none idle=75ms backlight=1 rtc_valid=1
I (12846) service_ui: [touch_event/0x2002] touch up start=(322,252) end=(96,271) dx=-226 dy=19
I (12847) app_state: [page_changed/0x2001] page resolved obd -> system selected=system override=none
I (13372) service_ui: [touch_event/0x2002] touch down x=365 y=256 strength=187 irq=1
I (13526) service_ui: [touch_event/0x2002] touch up start=(365,256) end=(116,251) dx=-249 dy=-5
I (13527) app_state: [page_changed/0x2001] page resolved system -> attitude selected=attitude override=none
I (13962) service_ui: [touch_event/0x2002] touch down x=368 y=258 strength=136 irq=1
I (14053) service_ui: [touch_event/0x2002] touch up start=(368,258) end=(306,258) dx=-62 dy=0
I (14054) app_state: [page_changed/0x2001] page resolved attitude -> compass selected=compass override=none
I (14523) service_ui: [touch_event/0x2002] touch down x=7 y=231 strength=70 irq=1
I (14666) service_ui: [touch_event/0x2002] touch up start=(7,231) end=(166,232) dx=159 dy=1
I (14667) app_state: [page_changed/0x2001] page resolved compass -> attitude selected=attitude override=none
I (14713) service_ui: [touch_event/0x2002] touch down x=338 y=249 strength=0 irq=1
I (14734) service_ui: [touch_event/0x2002] touch up start=(338,249) end=(338,249) dx=0 dy=0
I (15104) service_ui: [touch_event/0x2002] touch down x=79 y=249 strength=160 irq=1
I (15140) service_ui: [touch_event/0x2002] touch up start=(79,249) end=(79,249) dx=0 dy=0
I (15168) service_ui: [touch_event/0x2002] touch down x=130 y=247 strength=162 irq=1
I (15258) service_ui: [touch_event/0x2002] touch up start=(130,247) end=(333,262) dx=203 dy=15
I (15259) app_state: [page_changed/0x2001] page resolved attitude -> system selected=system override=none
I (15611) service_ui: [touch_event/0x2002] touch down x=79 y=226 strength=139 irq=1
I (15638) service_ui: [touch_event/0x2002] touch up start=(79,226) end=(79,226) dx=0 dy=0
I (15669) service_ui: [touch_event/0x2002] touch down x=119 y=223 strength=170 irq=1
I (15755) service_ui: [touch_event/0x2002] touch up start=(119,223) end=(243,228) dx=124 dy=5
I (15755) app_state: [page_changed/0x2001] page resolved system -> obd selected=obd override=none
I (17823) app_main: [ok/0x0000] heartbeat | page=obd ui_ready=1 voice=0 nav=0 obd=0 bat=100%/4213mV audio=none idle=2126ms backlight=1 rtc_valid=1
W (19279) obd_ble_elm327: [obd_init_failed/0x1408] open elm327 ble client failed: ESP_ERR_TIMEOUT
I (19396) drivers_display: touch health reads=256 ok=255 fail=1 pressed=57 int=1
I (19480) NimBLE: GAP procedure initiated: discovery; 
I (19480) NimBLE: own_addr_type=0 filter_policy=0 passive=0 limited=0 filter_duplicates=1 
I (19483) NimBLE: duration=forever
I (19487) NimBLE: 

I (19488) service_ble_cli: [ok/0x0000] ble client scanning name_filter=OBDII svc=0xFFF0 notify=0xFFF1 write=0xFFF2
I (22828) app_main: [ok/0x0000] heartbeat | page=obd ui_ready=1 voice=0 nav=0 obd=0 bat=100%/4210mV audio=none idle=7126ms backlight=1 rtc_valid=1
I (27832) app_main: [ok/0x0000] heartbeat | page=obd ui_ready=1 voice=0 nav=0 obd=0 bat=100%/4216mV audio=none idle=12127ms backlight=1 rtc_valid=1
I (29283) drivers_display: touch health reads=384 ok=383 fail=1 pressed=57 int=1
I (32835) app_main: [ok/0x0000] heartbeat | page=obd ui_ready=1 voice=0 nav=0 obd=0 bat=100%/4213mV audio=none idle=17127ms backlight=1 rtc_valid=1
W (34503) obd_ble_elm327: [obd_init_failed/0x1408] open elm327 ble client failed: ESP_ERR_TIMEOUT
I (34704) NimBLE: GAP procedure initiated: discovery; 
I (34704) NimBLE: own_addr_type=0 filter_policy=0 passive=0 limited=0 filter_duplicates=1 
I (34707) NimBLE: duration=forever
I (34711) NimBLE: 

I (34712) service_ble_cli: [ok/0x0000] ble client scanning name_filter=OBDII svc=0xFFF0 notify=0xFFF1 write=0xFFF2
I (37839) app_main: [ok/0x0000] heartbeat | page=obd ui_ready=1 voice=0 nav=0 obd=0 bat=100%/4213mV audio=none idle=22127ms backlight=1 rtc_valid=1
I (39266) drivers_display: touch health reads=512 ok=511 fail=1 pressed=57 int=1
